###############################################################################
#
# IAR ELF Linker V7.20.5.7591/W32 for ARM                 30/Mar/2015  11:14:23
# Copyright 2007-2014 IAR Systems AB.
#
#    Output file  =  
#        C:\Users\Jiaqi\Desktop\MICO-master\Build\FRDM_K64F_SPP\Exe\COM.MXCHIP.SPP.out
#    Map file     =  
#        C:\Users\Jiaqi\Desktop\MICO-master\Build\FRDM_K64F_SPP\List\COM.MXCHIP.SPP.map
#    Command line =  
#        C:\Users\Jiaqi\Desktop\MICO-master\Build\FRDM_K64F_SPP\Obj\AESUtils.o
#        C:\Users\Jiaqi\Desktop\MICO-master\Build\FRDM_K64F_SPP\Obj\arraylist.o
#        C:\Users\Jiaqi\Desktop\MICO-master\Build\FRDM_K64F_SPP\Obj\crt0_IAR.o
#        C:\Users\Jiaqi\Desktop\MICO-master\Build\FRDM_K64F_SPP\Obj\curve25519-donna.o
#        C:\Users\Jiaqi\Desktop\MICO-master\Build\FRDM_K64F_SPP\Obj\debug.o
#        C:\Users\Jiaqi\Desktop\MICO-master\Build\FRDM_K64F_SPP\Obj\EasyLink.o
#        C:\Users\Jiaqi\Desktop\MICO-master\Build\FRDM_K64F_SPP\Obj\EasyLinkSoftAP.o
#        C:\Users\Jiaqi\Desktop\MICO-master\Build\FRDM_K64F_SPP\Obj\edma.o
#        C:\Users\Jiaqi\Desktop\MICO-master\Build\FRDM_K64F_SPP\Obj\flash_kinetis.o
#        C:\Users\Jiaqi\Desktop\MICO-master\Build\FRDM_K64F_SPP\Obj\flash_kinetisRamFunc.o
#        C:\Users\Jiaqi\Desktop\MICO-master\Build\FRDM_K64F_SPP\Obj\fsl_debug_console.o
#        C:\Users\Jiaqi\Desktop\MICO-master\Build\FRDM_K64F_SPP\Obj\fsl_dspi_irq.o
#        C:\Users\Jiaqi\Desktop\MICO-master\Build\FRDM_K64F_SPP\Obj\fsl_edma_common.o
#        C:\Users\Jiaqi\Desktop\MICO-master\Build\FRDM_K64F_SPP\Obj\fsl_edma_driver.o
#        C:\Users\Jiaqi\Desktop\MICO-master\Build\FRDM_K64F_SPP\Obj\fsl_edma_irq.o
#        C:\Users\Jiaqi\Desktop\MICO-master\Build\FRDM_K64F_SPP\Obj\fsl_rtc_irq.o
#        C:\Users\Jiaqi\Desktop\MICO-master\Build\FRDM_K64F_SPP\Obj\fsl_uart_common.o
#        C:\Users\Jiaqi\Desktop\MICO-master\Build\FRDM_K64F_SPP\Obj\fsl_uart_driver.o
#        C:\Users\Jiaqi\Desktop\MICO-master\Build\FRDM_K64F_SPP\Obj\fsl_uart_edma_driver.o
#        C:\Users\Jiaqi\Desktop\MICO-master\Build\FRDM_K64F_SPP\Obj\fsl_uart_hal.o
#        C:\Users\Jiaqi\Desktop\MICO-master\Build\FRDM_K64F_SPP\Obj\fsl_uart_irq.o
#        C:\Users\Jiaqi\Desktop\MICO-master\Build\FRDM_K64F_SPP\Obj\gpio_pins.o
#        C:\Users\Jiaqi\Desktop\MICO-master\Build\FRDM_K64F_SPP\Obj\hardware_init.o
#        C:\Users\Jiaqi\Desktop\MICO-master\Build\FRDM_K64F_SPP\Obj\hkdf.o
#        C:\Users\Jiaqi\Desktop\MICO-master\Build\FRDM_K64F_SPP\Obj\hmac.o
#        C:\Users\Jiaqi\Desktop\MICO-master\Build\FRDM_K64F_SPP\Obj\HTTPUtils.o
#        C:\Users\Jiaqi\Desktop\MICO-master\Build\FRDM_K64F_SPP\Obj\json_object.o
#        C:\Users\Jiaqi\Desktop\MICO-master\Build\FRDM_K64F_SPP\Obj\json_tokener.o
#        C:\Users\Jiaqi\Desktop\MICO-master\Build\FRDM_K64F_SPP\Obj\json_util.o
#        C:\Users\Jiaqi\Desktop\MICO-master\Build\FRDM_K64F_SPP\Obj\k64_gpio.o
#        C:\Users\Jiaqi\Desktop\MICO-master\Build\FRDM_K64F_SPP\Obj\k64_spi.o
#        C:\Users\Jiaqi\Desktop\MICO-master\Platform\vendor\Freescale\MK64FxxL12\ksdk_freertos_lib.a
#        C:\Users\Jiaqi\Desktop\MICO-master\Build\FRDM_K64F_SPP\Obj\ksdk_platform.o
#        C:\Users\Jiaqi\Desktop\MICO-master\Build\FRDM_K64F_SPP\Obj\linkhash.o
#        C:\Users\Jiaqi\Desktop\MICO-master\Build\FRDM_K64F_SPP\Obj\LocalTcpServer.o
#        C:\Users\Jiaqi\Desktop\MICO-master\Build\FRDM_K64F_SPP\Obj\MDNSUtils.o
#        C:\Users\Jiaqi\Desktop\MICO-master\Build\FRDM_K64F_SPP\Obj\mem_tools.o
#        C:\Users\Jiaqi\Desktop\MICO-master\Build\FRDM_K64F_SPP\Obj\MICOAppEntrance.o
#        C:\Users\Jiaqi\Desktop\MICO-master\Build\FRDM_K64F_SPP\Obj\MICOBonjour.o
#        C:\Users\Jiaqi\Desktop\MICO-master\Build\FRDM_K64F_SPP\Obj\MICOConfig.o
#        C:\Users\Jiaqi\Desktop\MICO-master\Build\FRDM_K64F_SPP\Obj\MICOConfigDelegate.o
#        C:\Users\Jiaqi\Desktop\MICO-master\Build\FRDM_K64F_SPP\Obj\MICOConfigMenu.o
#        C:\Users\Jiaqi\Desktop\MICO-master\Build\FRDM_K64F_SPP\Obj\MICOConfigServer.o
#        C:\Users\Jiaqi\Desktop\MICO-master\Build\FRDM_K64F_SPP\Obj\MicoDriverAdc.o
#        C:\Users\Jiaqi\Desktop\MICO-master\Build\FRDM_K64F_SPP\Obj\MicoDriverFlash.o
#        C:\Users\Jiaqi\Desktop\MICO-master\Build\FRDM_K64F_SPP\Obj\MicoDriverGpio.o
#        C:\Users\Jiaqi\Desktop\MICO-master\Build\FRDM_K64F_SPP\Obj\MicoDriverI2c.o
#        C:\Users\Jiaqi\Desktop\MICO-master\Platform\Common\Drivers\MicoDriverMFiAuth.a
#        C:\Users\Jiaqi\Desktop\MICO-master\Build\FRDM_K64F_SPP\Obj\MicoDriverPwm.o
#        C:\Users\Jiaqi\Desktop\MICO-master\Build\FRDM_K64F_SPP\Obj\MicoDriverRng.o
#        C:\Users\Jiaqi\Desktop\MICO-master\Build\FRDM_K64F_SPP\Obj\MicoDriverRtc.o
#        C:\Users\Jiaqi\Desktop\MICO-master\Build\FRDM_K64F_SPP\Obj\MicoDriverSpi.o
#        C:\Users\Jiaqi\Desktop\MICO-master\Build\FRDM_K64F_SPP\Obj\MicoDriverUart.o
#        C:\Users\Jiaqi\Desktop\MICO-master\Build\FRDM_K64F_SPP\Obj\MicoDriverWdg.o
#        C:\Users\Jiaqi\Desktop\MICO-master\Build\FRDM_K64F_SPP\Obj\MICOEntrance.o
#        C:\Users\Jiaqi\Desktop\MICO-master\Build\FRDM_K64F_SPP\Obj\MICONotificationCenter.o
#        C:\Users\Jiaqi\Desktop\MICO-master\Build\FRDM_K64F_SPP\Obj\MICONTPClient.o
#        C:\Users\Jiaqi\Desktop\MICO-master\Build\FRDM_K64F_SPP\Obj\MICOParaStorage.o
#        C:\Users\Jiaqi\Desktop\MICO-master\Build\FRDM_K64F_SPP\Obj\MICOSystemMonitor.o
#        C:\Users\Jiaqi\Desktop\MICO-master\Library\mxchipWNet_cm4f_spi.a
#        C:\Users\Jiaqi\Desktop\MICO-master\Build\FRDM_K64F_SPP\Obj\pin_mux.o
#        C:\Users\Jiaqi\Desktop\MICO-master\Build\FRDM_K64F_SPP\Obj\platform.o
#        C:\Users\Jiaqi\Desktop\MICO-master\Build\FRDM_K64F_SPP\Obj\printbuf.o
#        C:\Users\Jiaqi\Desktop\MICO-master\Build\FRDM_K64F_SPP\Obj\read_wifi_firmware.o
#        C:\Users\Jiaqi\Desktop\MICO-master\Build\FRDM_K64F_SPP\Obj\RemoteTcpClient.o
#        C:\Users\Jiaqi\Desktop\MICO-master\Build\FRDM_K64F_SPP\Obj\RingBufferUtils.o
#        C:\Users\Jiaqi\Desktop\MICO-master\Build\FRDM_K64F_SPP\Obj\SecurityUtils.o
#        C:\Users\Jiaqi\Desktop\MICO-master\Build\FRDM_K64F_SPP\Obj\sha1.o
#        C:\Users\Jiaqi\Desktop\MICO-master\Build\FRDM_K64F_SPP\Obj\sha224-256.o
#        C:\Users\Jiaqi\Desktop\MICO-master\Build\FRDM_K64F_SPP\Obj\sha384-512.o
#        C:\Users\Jiaqi\Desktop\MICO-master\Build\FRDM_K64F_SPP\Obj\SHAUtils.o
#        C:\Users\Jiaqi\Desktop\MICO-master\Build\FRDM_K64F_SPP\Obj\SocketUtils.o
#        C:\Users\Jiaqi\Desktop\MICO-master\Build\FRDM_K64F_SPP\Obj\SppProtocol.o
#        C:\Users\Jiaqi\Desktop\MICO-master\Build\FRDM_K64F_SPP\Obj\startup.o
#        C:\Users\Jiaqi\Desktop\MICO-master\Build\FRDM_K64F_SPP\Obj\startup_MK64F12.o
#        C:\Users\Jiaqi\Desktop\MICO-master\Build\FRDM_K64F_SPP\Obj\StringUtils.o
#        C:\Users\Jiaqi\Desktop\MICO-master\Build\FRDM_K64F_SPP\Obj\system_MK64F12.o
#        C:\Users\Jiaqi\Desktop\MICO-master\Build\FRDM_K64F_SPP\Obj\TimeUtils.o
#        C:\Users\Jiaqi\Desktop\MICO-master\Build\FRDM_K64F_SPP\Obj\TLVUtils.o
#        C:\Users\Jiaqi\Desktop\MICO-master\Build\FRDM_K64F_SPP\Obj\UartRecv.o
#        C:\Users\Jiaqi\Desktop\MICO-master\Build\FRDM_K64F_SPP\Obj\URLUtils.o
#        C:\Users\Jiaqi\Desktop\MICO-master\Build\FRDM_K64F_SPP\Obj\usha.o
#        C:\Users\Jiaqi\Desktop\MICO-master\Build\FRDM_K64F_SPP\Obj\wlan_platform.o
#        C:\Users\Jiaqi\Desktop\MICO-master\Build\FRDM_K64F_SPP\Obj\WPS.o
#        C:\Users\Jiaqi\Desktop\MICO-master\Build\FRDM_K64F_SPP\Obj\wwd_bus.o
#        --redirect _Printf=_PrintfFull --redirect _Scanf=_ScanfFull -o
#        C:\Users\Jiaqi\Desktop\MICO-master\Build\FRDM_K64F_SPP\Exe\COM.MXCHIP.SPP.out
#        --map
#        C:\Users\Jiaqi\Desktop\MICO-master\Build\FRDM_K64F_SPP\List\COM.MXCHIP.SPP.map
#        --config
#        C:\Users\Jiaqi\Desktop\MICO-master\Projects\COM.MXCHIP.SPP\EWARM\..\..\..\Platform\BoardConfig\FRDM_K64\K64FN1Mxxx12_flash.icf
#        --semihosting --entry __iar_program_start --vfe --threaded_lib
#
###############################################################################

*******************************************************************************
*** RUNTIME MODEL ATTRIBUTES
***

CppFlavor                     = *
__Heap_Handler                = DLMalloc
__SystemLibrary               = DLib
__dlib_dynamic_initialization = normal


*******************************************************************************
*** PLACEMENT SUMMARY
***

"A1":  place at 0x00000000 { ro section .intvec };
"P1":  place in [from 0x00000400 to 0x0000040f] { section FlashConfig };
"P2":  place in [from 0x00000000 to 0x000003ff] |
                [from 0x00000410 to 0x000fffff] { ro };
"P3":  place in [from 0x1fff0400 to 0x1fffffff] |
                [from 0x20000000 to 0x2002feff] { rw, block CSTACK, block HEAP };
"P4":  place in [from 0x1fff0400 to 0x1fffffff] |
                [from 0x20000000 to 0x2002feff] { zi };
"P6":  place in [from 0x2002ff00 to 0x2002ffff] { section codeRam };

  Section              Kind        Address     Size  Object
  -------              ----        -------     ----  ------
"A1":                                         0x400
  .intvec                       0x00000000    0x400  <Block>
    .intvec            ro code  0x00000000    0x400  startup_MK64F12.o [1]
                              - 0x00000400    0x400

"P2", part 1 of 2:                              0x0
  .text                ro code  0x00000400      0x0  cstart_clearlocks.o [7]
  .text                ro code  0x00000400      0x0  cstart_closeall.o [7]
  .rodata              const    0x00000400      0x0  zero_init3.o [7]
  .rodata              const    0x00000400      0x0  packbits_init.o [7]

"P1":                                          0x10
  FlashConfig          ro code  0x00000400     0x10  startup_MK64F12.o [1]
                              - 0x00000410     0x10

"P2", part 2 of 2:                          0x5fabe
  .text                ro code  0x00000410  0x31a2c  read_wifi_firmware.o [1]
  .text                ro code  0x00031e3c     0x76  ABImemcpy_unaligned.o [7]
  .text                ro code  0x00031eb2     0x22  zero_init3.o [7]
  .text                ro code  0x00031ed4   0x2534  dlmalloc.o [6]
  .text                ro code  0x00034408      0x6  abort.o [3]
  .text                ro code  0x0003440e     0x1e  xsscin.o [3]
  .text                ro code  0x0003442c      0x6  ABImemclr4.o [7]
  .text                ro code  0x00034432     0x20  xsyslock.o [3]
  .text                ro code  0x00034452     0x1a  xsnprout.o [3]
  .text                ro code  0x0003446c     0x2c  xgetmemchunk.o [3]
  .text                ro code  0x00034498     0x14  memset.o [3]
  .text                ro code  0x000344ac      0xc  memcpy.o [3]
  .text                ro code  0x000344b8     0x14  exit.o [8]
  .text                ro code  0x000344cc     0x3a  ABImemset48.o [7]
  .text                ro code  0x00034506      0xa  xsprout.o [3]
  .text                ro code  0x00034510    0x15c  xsyslock_mtx.o [3]
  .text                ro code  0x0003466c     0x66  ABImemset.o [7]
  .text                ro code  0x000346d2     0x28  iar_mutex.o [6]
  .rodata              const    0x000346fa      0x2  wwd_bus_protocol.o [6]
  .text                ro code  0x000346fc    0xa28  tasks.o [6]
  .text                ro code  0x00035124     0xec  port.o [6]
  .text                ro code  0x00035210     0x9a  list.o [6]
  .text                ro code  0x000352aa      0x2  startup_MK64F12.o [1]
  .text                ro code  0x000352ac    0x384  ostimers.o [6]
  CODE                 ro code  0x00035630     0xa4  portasm.o [6]
  .text                ro code  0x000356d4    0x130  wwd_rtos.o [6]
  .text                ro code  0x00035804     0x62  memcmp_unaligned.o [7]
  .text                ro code  0x00035866      0x2  startup_MK64F12.o [1]
  .text                ro code  0x00035868     0x5c  ksdk_platform.o [1]
  .text                ro code  0x000358c4     0x6c  strncpy_unaligned.o [7]
  .text                ro code  0x00035930     0x38  heap_3.o [6]
  .text                ro code  0x00035968    0x4f2  queue.o [6]
  .text                ro code  0x00035e5a      0x2  startup_MK64F12.o [1]
  .text                ro code  0x00035e5c    0x3ec  MICONotificationCenter.o [1]
  .text                ro code  0x00036248     0xc0  hardware_init.o [1]
  .text                ro code  0x00036308    0x66a  wiced_rtos.o [6]
  .text                ro code  0x00036972      0x2  startup_MK64F12.o [1]
  .text                ro code  0x00036974    0x714  mxchipWNET.o [6]
  .text                ro code  0x00037088     0x24  printf.o [3]
  .text                ro code  0x000370ac    0x100  fsl_sim_hal_K64F12.o [4]
  .text                ro code  0x000371ac    0x530  pin_mux.o [1]
  .text                ro code  0x000376dc    0x10a  fsl_debug_console.o [1]
  .text                ro code  0x000377e6      0x2  startup_MK64F12.o [1]
  .text                ro code  0x000377e8    0x1f4  platform.o [1]
  .text                ro code  0x000379dc   0x1248  MICOEntrance.o [1]
  .text                ro code  0x00038c24     0x44  wlan_platform.o [1]
  .text                ro code  0x00038c68    0x46c  wifi.o [6]
  .text                ro code  0x000390d4   0x12a8  wifimgr.o [6]
  .text                ro code  0x0003a37c     0x34  sprintf.o [3]
  .text                ro code  0x0003a3b0    0x624  tcpip.o [6]
  .text                ro code  0x0003a9d4     0x68  dnsclient.o [6]
  .text                ro code  0x0003aa3c     0x20  srand.o [3]
  .text                ro code  0x0003aa5c    0xe00  tcp.o [6]
  .text                ro code  0x0003b85c   0x136c  wwd_wifi.o [6]
  .text                ro code  0x0003cbc8    0x758  easylink2.o [6]
  .text                ro code  0x0003d320    0x25a  ip_addr.o [6]
  .text                ro code  0x0003d57a     0x36  def.o [6]
  .text                ro code  0x0003d5b0   0x1384  sockets.o [6]
  .text                ro code  0x0003e934     0x42  strcmp_unaligned.o [7]
  .text                ro code  0x0003e976      0x2  startup_MK64F12.o [1]
  .text                ro code  0x0003e978    0x618  dns.o [6]
  .text                ro code  0x0003ef90     0x44  strcpy_unaligned.o [7]
  .text                ro code  0x0003efd4    0x250  wwd_management.o [6]
  .text                ro code  0x0003f224     0x36  strlen.o [7]
  .text                ro code  0x0003f25a      0x2  startup_MK64F12.o [1]
  .text                ro code  0x0003f25c   0x114e  xprintffull.o [3]
  .text                ro code  0x000403ac     0x24  ABIassert.o [8]
  .text                ro code  0x000403d0    0x12c  fsl_uart_hal.o [1]
  .text                ro code  0x000404fc    0x47c  fsl_uart_driver.o [1]
  .text                ro code  0x00040978    0x1d0  MicoDriverGpio.o [1]
  .text                ro code  0x00040b48     0x18  strrchr.o [3]
  .text                ro code  0x00040b60    0x3d4  fsl_gpio_driver.o [4]
  .text                ro code  0x00040f34     0xb8  fsl_os_abstraction_free_rtos.o [4]
  .text                ro code  0x00040fec     0x44  snprintf.o [3]
  .text                ro code  0x00041030    0x3ac  MICOParaStorage.o [1]
  .text                ro code  0x000413dc     0x2a  strncmp.o [3]
  .text                ro code  0x00041408    0x1ac  MICOSystemMonitor.o [1]
  .text                ro code  0x000415b4    0x3a8  mftest.o [6]
  .text                ro code  0x0004195c      0xc  MicoDriverRtc.o [1]
  .text                ro code  0x00041968     0x2c  asctime.o [3]
  .text                ro code  0x00041994    0x9e0  StringUtils.o [1]
  .text                ro code  0x00042374   0x1a10  EasyLink.o [1]
  .text                ro code  0x00043d84    0xecc  MICOConfigServer.o [1]
  .text                ro code  0x00044c50    0x504  MICONTPClient.o [1]
  .text                ro code  0x00045154    0x410  MICOAppEntrance.o [1]
  .text                ro code  0x00045564    0x3f8  wiced_network.o [6]
  .text                ro code  0x0004595c    0xad8  SDPCM.o [6]
  .text                ro code  0x00046434    0x1f0  dns_redirect.o [6]
  .text                ro code  0x00046624    0x476  wwd_ap.o [6]
  .text                ro code  0x00046a9c    0x4d4  ip.o [6]
  .text                ro code  0x00046f70    0x8b0  etharp.o [6]
  .text                ro code  0x00047820    0x18c  wiced_ping.o [6]
  .text                ro code  0x000479ac    0x5e4  api_lib.o [6]
  .text                ro code  0x00047f90      0xc  mxchipbesl.o [6]
  .text                ro code  0x00047f9c     0xd6  netbuf.o [6]
  .text                ro code  0x00048072    0x4de  pbuf.o [6]
  .text                ro code  0x00048550      0x2  xtls.o [3]
  .text                ro code  0x00048554    0xcce  tcp_out.o [6]
  .text                ro code  0x00049224    0x338  lwiptimers.o [6]
  .text                ro code  0x0004955c     0xc0  memp.o [6]
  .text                ro code  0x0004961c     0xe0  rand.o [3]
  .text                ro code  0x000496fc     0x98  wwd_buffer.o [6]
  .text                ro code  0x00049794    0x730  airkiss.o [6]
  .text                ro code  0x00049ec4    0x2a0  sys_arch.o [6]
  .text                ro code  0x0004a164    0x27c  lwiptcpip.o [6]
  .text                ro code  0x0004a3e0    0x574  igmp.o [6]
  .text                ro code  0x0004a954    0x624  udp.o [6]
  .text                ro code  0x0004af78     0xe4  wwd_bus.o [1]
  .text                ro code  0x0004b05c    0x6f8  wwd_bus_protocol.o [6]
  .text                ro code  0x0004b754    0x1a8  wwd_thread.o [6]
  .text                ro code  0x0004b8fc     0x20  xmbtowc.o [3]
  .text                ro code  0x0004b91c     0x16  strchr.o [7]
  .text                ro code  0x0004b934     0x58  memchr.o [7]
  .text                ro code  0x0004b98c      0xa  xmbcurmax.o [3]
  .text                ro code  0x0004b996     0x1a  xwctomb.o [3]
  .text                ro code  0x0004b9b0     0xee  I64DivMod.o [7]
  .text                ro code  0x0004ba9e     0x42  xdnorm.o [5]
  .text                ro code  0x0004bae0     0x2e  DblCmpLe.o [5]
  .text                ro code  0x0004bb10     0x2e  DblCmpGe.o [5]
  .text                ro code  0x0004bb40    0x114  xdscale.o [5]
  .text                ro code  0x0004bc54     0x58  DblToI32.o [5]
  .text                ro code  0x0004bcac     0x30  I32ToDbl.o [5]
  .text                ro code  0x0004bcdc    0x180  DblSub.o [5]
  .text                ro code  0x0004be5c    0x1a2  DblMul.o [5]
  .text                ro code  0x0004c000    0x246  DblDiv.o [5]
  .text                ro code  0x0004c248     0x6c  localeconv.o [3]
  .text                ro code  0x0004c2b4      0xe  div.o [3]
  .text                ro code  0x0004c2c4     0x32  fsl_clock_K64F12.o [4]
  .text                ro code  0x0004c2f8    0x2fc  MicoDriverUart.o [1]
  .text                ro code  0x0004c5f4    0x298  k64_gpio.o [1]
  .text                ro code  0x0004c88c     0x70  fsl_gpio_hal.o [4]
  .text                ro code  0x0004c8fc    0x150  MicoDriverFlash.o [1]
  .text                ro code  0x0004ca4c      0x6  MicoDriverWdg.o [1]
  .text                ro code  0x0004ca54    0x180  xlocale_c.o [3]
  .text                ro code  0x0004cbd4    0x10c  xstrftim.o [3]
  .text                ro code  0x0004cce0     0x18  toupper.o [3]
  .text                ro code  0x0004ccf8     0x14  tolower.o [3]
  .text                ro code  0x0004cd0c     0x28  isxxx.o [3]
  .text                ro code  0x0004cd34     0x16  strnlen.o [3]
  .text                ro code  0x0004cd4c    0xf24  MICOConfigDelegate.o [1]
  .text                ro code  0x0004dc70    0x31c  SocketUtils.o [1]
  .text                ro code  0x0004df8c    0x5f0  json_object.o [1]
  .text                ro code  0x0004e57c   0x1420  HTTPUtils.o [1]
  .text                ro code  0x0004f99c    0xdf0  EasyLinkSoftAP.o [1]
  .text                ro code  0x0005078c     0xb6  localtim.o [3]
  .text                ro code  0x00050844    0x178  SppProtocol.o [1]
  .text                ro code  0x000509bc    0x44c  MICOBonjour.o [1]
  .text                ro code  0x00050e08      0xe  RingBufferUtils.o [1]
  .text                ro code  0x00050e18    0x356  netif.o [6]
  .text                ro code  0x00051170    0xeec  dhcp.o [6]
  .text                ro code  0x0005205c     0x28  sys.o [6]
  .text                ro code  0x00052084    0x61c  dhcp_server.o [6]
  .text                ro code  0x000526a0     0x48  netifapi.o [6]
  .text                ro code  0x000526e8    0x5c0  easylink.o [6]
  .text                ro code  0x00052ca8    0x17c  wwd_network.o [6]
  .text                ro code  0x00052e24      0xc  memmove.o [7]
  .text                ro code  0x00052e30    0x170  inet_chksum.o [6]
  .text                ro code  0x00052fa0    0x57e  ip_frag.o [6]
  .text                ro code  0x00053520    0x1cc  raw.o [6]
  .text                ro code  0x000536ec   0x139c  tcp_in.o [6]
  .text                ro code  0x00054a88    0x1fa  icmp.o [6]
  .text                ro code  0x00054c84    0xec8  api_msg.o [6]
  .text                ro code  0x00055b4c     0x20  init.o [6]
  .text                ro code  0x00055b6c    0x2e4  k64_spi.o [1]
  .text                ro code  0x00055e50    0x260  wwd_internal.o [6]
  .text                ro code  0x000560b0    0x2e2  wwd_firmware.o [6]
  .text                ro code  0x00056394     0x54  setlocale.o [3]
  .text                ro code  0x000563e8     0x60  xencoding_sb.o [3]
  .text                ro code  0x00056448      0x2  I64DivZer.o [7]
  .text                ro code  0x0005644c     0xe8  DblAdd.o [5]
  .text                ro code  0x00056534    0x160  fsl_clock_manager.o [4]
  .text                ro code  0x00056694     0x70  flash_kinetis.o [1]
  .text                ro code  0x00056704    0x846  xgentime.o [3]
  .text                ro code  0x00056f4a      0xc  xlocale_c.o [3]
  .text                ro code  0x00056f56     0x16  xlocale_c.o [3]
  .text                ro code  0x00056f6c     0x14  xlocale_c.o [3]
  .text                ro code  0x00056f80     0x2c  strstr.o [3]
  .text                ro code  0x00056fac    0x6dc  MICOConfigMenu.o [1]
  .text                ro code  0x00057688    0xf2c  json_tokener.o [1]
  .text                ro code  0x000585b4    0x136  printbuf.o [1]
  .text                ro code  0x000586ec    0x34c  linkhash.o [1]
  .text                ro code  0x00058a38     0x18  strdup.o [3]
  .text                ro code  0x00058a50     0x20  DblCmpEq.o [5]
  .text                ro code  0x00058a70     0xe4  json_util.o [1]
  .text                ro code  0x00058b54     0xd4  arraylist.o [1]
  .text                ro code  0x00058c28     0x78  ABImemmove_unaligned.o [7]
  .text                ro code  0x00058ca0    0x16a  URLUtils.o [1]
  .text                ro code  0x00058e0c    0xd44  MDNSUtils.o [1]
  .text                ro code  0x00059b50      0xa  getzone.o [3]
  .text                ro code  0x00059b5a     0x42  xgettime.o [3]
  .text                ro code  0x00059b9c     0x88  xstol.o [3]
  .text                ro code  0x00059c24    0x188  xttotm.o [3]
  .text                ro code  0x00059dac     0x8c  wiced_lib.o [6]
  .text                ro code  0x00059e38     0x4c  wps_host.o [6]
  .text                ro code  0x00059e84    0x5d4  fsl_edma_driver.o [1]
  .text                ro code  0x0005a458     0x60  edma.o [1]
  .text                ro code  0x0005a4b8     0x18  read_wifi_firmware.o [6]
  .text                ro code  0x0005a4d0    0x2b4  fsl_mcg_hal.o [4]
  .text                ro code  0x0005a784     0xb8  fsl_sim_hal.o [4]
  .text                ro code  0x0005a83c     0x4e  strncasecmp.o [3]
  .text                ro code  0x0005a88c     0x24  sscanf.o [3]
  .text                ro code  0x0005a8b0     0x3c  vsnprint.o [3]
  .text                ro code  0x0005a8ec     0x2c  vsprintf.o [3]
  .text                ro code  0x0005a918     0x18  vprintf.o [3]
  .text                ro code  0x0005a930      0x4  exit.o [3]
  .text                ro code  0x0005a934      0xc  errno.o [3]
  .text                ro code  0x0005a940      0x6  ABImemclr.o [7]
  .text                ro code  0x0005a948    0x194  xstoul.o [3]
  .text                ro code  0x0005aadc    0x134  xisdst.o [3]
  .text                ro code  0x0005ac10    0x474  fsl_edma_hal.o [4]
  .text                ro code  0x0005b084     0x28  fsl_dmamux_hal.o [4]
  .text                ro code  0x0005b0ac    0xcf4  xscanffull.o [3]
  .text                ro code  0x0005bda0     0x12  cexit.o [7]
  .text                ro code  0x0005bdb2    0x164  xgetdst.o [3]
  .text                ro code  0x0005bf18     0x40  xwctob.o [3]
  .text                ro code  0x0005bf58     0xa4  xstoll.o [3]
  .text                ro code  0x0005bffc    0x1b0  xstoull.o [3]
  .text                ro code  0x0005c1ac    0x168  xstold.o [5]
  .text                ro code  0x0005c314     0x90  DblToFlt.o [5]
  .text                ro code  0x0005c3a4     0x58  xcloseall.o [3]
  .text                ro code  0x0005c3fc    0x134  xstopfx.o [3]
  .text                ro code  0x0005c530    0x1b8  xstoflt.o [3]
  .text                ro code  0x0005c6e8    0x200  xdtento.o [5]
  .text                ro code  0x0005c8e8    0x218  xstoxflt.o [3]
  .text                ro code  0x0005cb00     0x7a  fclose.o [3]
  .text                ro code  0x0005cb7a     0x56  xdunscal.o [5]
  .text                ro code  0x0005cbd0     0x7c  xfofind.o [3]
  .text                ro code  0x0005cc4c     0xb0  fflush.o [3]
  .text                ro code  0x0005ccfc     0x1a  close.o [8]
  .text                ro code  0x0005cd16     0x16  remove.o [8]
  .text                ro code  0x0005cd2c     0xe0  XShHandles.o [3]
  .text                ro code  0x0005ce0c    0x700  LocalTcpServer.o [1]
  .text                ro code  0x0005d50c    0x50c  RemoteTcpClient.o [1]
  .text                ro code  0x0005da18    0x47c  fsl_dspi_slave_driver.o [4]
  .text                ro code  0x0005de94    0x33c  fsl_dspi_master_driver.o [4]
  .text                ro code  0x0005e1d0     0x88  fsl_dspi_hal.o [4]
  .rodata              const    0x0005e258    0x30c  wwd_firmware.o [6]
  .text                ro code  0x0005e564    0x134  system_MK64F12.o [1]
  .text                ro code  0x0005e698    0x114  UartRecv.o [1]
  .rodata              const    0x0005e7ac    0x100  airkiss.o [6]
  .rodata              const    0x0005e8ac    0x100  wwd_wifi.o [6]
  .text                ro code  0x0005e9ac     0xd6  xfspos.o [3]
  .text                ro code  0x0005ea82      0xc  xfgpos.o [3]
  .text                ro code  0x0005ea8e     0x4c  lseek.o [8]
  .text                ro code  0x0005eada     0xd2  packbits_init.o [7]
  .text                ro code  0x0005ebac     0xb6  xfwprep.o [3]
  .text                ro code  0x0005ec62     0x22  fseek.o [3]
  .rodata              const    0x0005ec84     0x78  fsl_gpio_driver.o [4]
  .rodata              const    0x0005ecfc     0x68  fsl_gpio_driver.o [4]
  .rodata              const    0x0005ed64     0x68  fsl_gpio_driver.o [4]
  .text                ro code  0x0005edcc     0x66  fsl_edma_irq.o [1]
  .text                ro code  0x0005ee34     0x5c  fsl_dspi_shared_function.o [4]
  .text                ro code  0x0005ee90     0x58  startup.o [1]
  .text                ro code  0x0005eee8     0x56  fputc.o [3]
  .rodata              const    0x0005ef40     0x50  fsl_dspi_shared_function.o [4]
  .rodata              const    0x0005ef90     0x48  fsl_os_abstraction_free_rtos.o [4]
  .text                ro code  0x0005efd8     0x44  startup_MK64F12.o [1]
  .rodata              const    0x0005f01c     0x40  sockets.o [6]
  .text                ro code  0x0005f05c     0x40  flash_kinetisRamFunc.o [1]
  .rodata              const    0x0005f09c     0x3c  fsl_edma_hal.o [4]
  .rodata              const    0x0005f0d8     0x3c  fsl_edma_hal.o [4]
  .rodata              const    0x0005f114     0x3c  fsl_gpio_hal.o [4]
  .rodata              const    0x0005f150     0x38  wifimgr.o [6]
  .rodata              const    0x0005f188     0x38  fsl_sim_hal.o [4]
  .rodata              const    0x0005f1c0     0x34  MICOEntrance.o [1]
  .rodata              const    0x0005f1f4     0x30  gpio_pins.o [1]
  .rodata              const    0x0005f224     0x30  platform.o [1]
  .rodata              const    0x0005f254     0x2c  wifimgr.o [6]
  .rodata              const    0x0005f280     0x2c  fsl_edma_hal.o [4]
  .rodata              const    0x0005f2ac     0x2c  fsl_gpio_driver.o [4]
  .rodata              const    0x0005f2d8     0x2c  mftest.o [6]
  .rodata              const    0x0005f304     0x28  wifimgr.o [6]
  .rodata              const    0x0005f32c     0x28  mftest.o [6]
  .rodata              const    0x0005f354     0x28  easylink.o [6]
  .text                ro code  0x0005f37c     0x28  data_init.o [7]
  .rodata              const    0x0005f3a4     0x24  json_object.o [1]
  .rodata              const    0x0005f3c8     0x24  fsl_dspi_shared_function.o [4]
  .rodata              const    0x0005f3ec     0x24  mftest.o [6]
  .rodata              const    0x0005f410     0x24  memp.o [6]
  .rodata              const    0x0005f434     0x24  memp.o [6]
  .rodata              const    0x0005f458     0x24  dhcp_server.o [6]
  .text                ro code  0x0005f47c     0x24  fsl_uart_irq.o [1]
  .iar.init_table      const    0x0005f4a0     0x5c  - Linker created -
  .rodata              const    0x0005f4fc     0x20  wifimgr.o [6]
  .rodata              const    0x0005f51c     0x20  wifimgr.o [6]
  .rodata              const    0x0005f53c     0x20  wifimgr.o [6]
  .rodata              const    0x0005f55c     0x20  wifimgr.o [6]
  .rodata              const    0x0005f57c     0x20  mftest.o [6]
  .rodata              const    0x0005f59c     0x20  mftest.o [6]
  .rodata              const    0x0005f5bc     0x20  mftest.o [6]
  .rodata              const    0x0005f5dc     0x20  wifi.o [6]
  .rodata              const    0x0005f5fc     0x20  fsl_sim_hal.o [4]
  .rodata              const    0x0005f61c     0x20  dhcp_server.o [6]
  .text                ro code  0x0005f63c     0x20  cmain_call_ctors.o [7]
  .text                ro code  0x0005f65c     0x18  cppinit.o [3]
  .rodata              const    0x0005f674     0x1c  mxchipWNET.o [6]
  .rodata              const    0x0005f690     0x1c  mftest.o [6]
  .rodata              const    0x0005f6ac     0x1c  airkiss.o [6]
  .rodata              const    0x0005f6c8     0x1c  wwd_wifi.o [6]
  .text                ro code  0x0005f6e4     0x1c  crt0_IAR.o [1]
  .text                ro code  0x0005f700     0x1a  fpinit_M.o [5]
  .text                ro code  0x0005f71c     0x1a  cmain.o [7]
  .rodata              const    0x0005f738     0x19  fsl_edma_common.o [1]
  .rodata              const    0x0005f754     0x18  fsl_uart_common.o [1]
  .rodata              const    0x0005f76c     0x18  wifimgr.o [6]
  .rodata              const    0x0005f784     0x18  mftest.o [6]
  .rodata              const    0x0005f79c     0x18  mftest.o [6]
  .rodata              const    0x0005f7b4     0x18  mftest.o [6]
  .rodata              const    0x0005f7cc     0x18  airkiss.o [6]
  .rodata              const    0x0005f7e4     0x18  airkiss.o [6]
  .text                ro code  0x0005f7fc     0x16  xprout.o [3]
  .text                ro code  0x0005f814      0xc  putchar.o [3]
  .rodata              const    0x0005f820     0x14  wifimgr.o [6]
  .rodata              const    0x0005f834     0x14  wifimgr.o [6]
  .rodata              const    0x0005f848     0x14  fsl_sim_hal_K64F12.o [4]
  .rodata              const    0x0005f85c     0x14  mftest.o [6]
  .rodata              const    0x0005f870     0x14  mftest.o [6]
  .rodata              const    0x0005f884     0x14  airkiss.o [6]
  .rodata              const    0x0005f898     0x14  airkiss.o [6]
  .rodata              const    0x0005f8ac     0x14  easylink.o [6]
  .rodata              const    0x0005f8c0     0x14  wifi.o [6]
  .rodata              const    0x0005f8d4     0x14  wwd_wifi.o [6]
  .rodata              const    0x0005f8e8     0x14  wwd_wifi.o [6]
  .rodata              const    0x0005f8fc     0x14  tasks.o [6]
  .rodata              const    0x0005f910     0x14  wiced_network.o [6]
  .rodata              const    0x0005f924     0x14  SDPCM.o [6]
  .rodata              const    0x0005f938     0x14  fsl_gpio_common.o [4]
  .rodata              const    0x0005f94c     0x14  fsl_gpio_common.o [4]
  .text                ro code  0x0005f960     0x12  fsl_dspi_irq.o [1]
  .rodata              const    0x0005f974     0x10  mxchipWNET.o [6]
  .rodata              const    0x0005f984     0x10  mxchipWNET.o [6]
  .rodata              const    0x0005f994     0x10  wiced_rtos.o [6]
  .rodata              const    0x0005f9a4     0x10  wiced_rtos.o [6]
  .rodata              const    0x0005f9b4     0x10  wifimgr.o [6]
  .rodata              const    0x0005f9c4     0x10  wifimgr.o [6]
  .rodata              const    0x0005f9d4     0x10  wifimgr.o [6]
  .rodata              const    0x0005f9e4     0x10  wifimgr.o [6]
  .rodata              const    0x0005f9f4     0x10  wifimgr.o [6]
  .rodata              const    0x0005fa04     0x10  wifimgr.o [6]
  .rodata              const    0x0005fa14     0x10  fsl_gpio_driver.o [4]
  .rodata              const    0x0005fa24     0x10  mftest.o [6]
  .rodata              const    0x0005fa34     0x10  mftest.o [6]
  .rodata              const    0x0005fa44     0x10  airkiss.o [6]
  .rodata              const    0x0005fa54     0x10  dns.o [6]
  .rodata              const    0x0005fa64     0x10  easylink.o [6]
  .rodata              const    0x0005fa74     0x10  tcp.o [6]
  .rodata              const    0x0005fa84     0x10  wifi.o [6]
  .rodata              const    0x0005fa94     0x10  wwd_wifi.o [6]
  .rodata              const    0x0005faa4     0x10  wwd_wifi.o [6]
  .rodata              const    0x0005fab4     0x10  wwd_wifi.o [6]
  .rodata              const    0x0005fac4     0x10  wwd_wifi.o [6]
  .rodata              const    0x0005fad4     0x10  wwd_ap.o [6]
  .rodata              const    0x0005fae4     0x10  lwiptcpip.o [6]
  .rodata              const    0x0005faf4      0xc  MICOConfig.o [1]
  .rodata              const    0x0005fb00      0xc  wiced_rtos.o [6]
  .rodata              const    0x0005fb0c      0xc  wifimgr.o [6]
  .rodata              const    0x0005fb18      0xc  wifimgr.o [6]
  .rodata              const    0x0005fb24      0xc  wifimgr.o [6]
  .rodata              const    0x0005fb30      0xc  wifimgr.o [6]
  .rodata              const    0x0005fb3c      0xc  fsl_edma_hal.o [4]
  .rodata              const    0x0005fb48      0xc  fsl_gpio_driver.o [4]
  .rodata              const    0x0005fb54      0xc  fsl_gpio_driver.o [4]
  .rodata              const    0x0005fb60      0xc  dns.o [6]
  .rodata              const    0x0005fb6c      0xc  easylink.o [6]
  .rodata              const    0x0005fb78      0xc  easylink2.o [6]
  .rodata              const    0x0005fb84      0xc  easylink2.o [6]
  .rodata              const    0x0005fb90      0xc  easylink2.o [6]
  .rodata              const    0x0005fb9c      0xc  easylink2.o [6]
  .rodata              const    0x0005fba8      0xc  easylink2.o [6]
  .rodata              const    0x0005fbb4      0xc  easylink2.o [6]
  .rodata              const    0x0005fbc0      0xc  easylink2.o [6]
  .rodata              const    0x0005fbcc      0xc  easylink2.o [6]
  .rodata              const    0x0005fbd8      0xc  easylink2.o [6]
  .rodata              const    0x0005fbe4      0xc  wwd_management.o [6]
  .rodata              const    0x0005fbf0      0xc  wwd_management.o [6]
  .rodata              const    0x0005fbfc      0xc  wwd_wifi.o [6]
  .rodata              const    0x0005fc08      0xc  wwd_wifi.o [6]
  .rodata              const    0x0005fc14      0xc  wwd_wifi.o [6]
  .rodata              const    0x0005fc20      0xc  wwd_wifi.o [6]
  .rodata              const    0x0005fc2c      0xc  dns_redirect.o [6]
  .rodata              const    0x0005fc38      0xc  dns_redirect.o [6]
  .rodata              const    0x0005fc44      0xc  wwd_ap.o [6]
  .rodata              const    0x0005fc50      0xc  wwd_ap.o [6]
  .rodata              const    0x0005fc5c      0xc  wwd_ap.o [6]
  .rodata              const    0x0005fc68      0xc  fsl_dspi_common.o [4]
  .rodata              const    0x0005fc74      0xc  fsl_gpio_hal.o [4]
  .rodata              const    0x0005fc80      0xc  wwd_internal.o [6]
  .rodata              const    0x0005fc8c      0xc  dhcp_server.o [6]
  .rodata              const    0x0005fc98      0xc  wiced_lib.o [6]
  .text                ro code  0x0005fca4      0xc  fsl_rtc_irq.o [1]
  .text                ro code  0x0005fcb0      0xc  cstartup_M.o [7]
  .rodata              const    0x0005fcbc      0x8  wifimgr.o [6]
  .rodata              const    0x0005fcc4      0x8  fsl_edma_hal.o [4]
  .rodata              const    0x0005fccc      0x8  fsl_os_abstraction_free_rtos.o [4]
  .rodata              const    0x0005fcd4      0x8  wwd_thread.o [6]
  .rodata              const    0x0005fcdc      0x8  airkiss.o [6]
  .rodata              const    0x0005fce4      0x8  easylink.o [6]
  .rodata              const    0x0005fcec      0x8  easylink2.o [6]
  .rodata              const    0x0005fcf4      0x8  easylink2.o [6]
  .rodata              const    0x0005fcfc      0x8  tcp.o [6]
  .rodata              const    0x0005fd04      0x8  wwd_management.o [6]
  .rodata              const    0x0005fd0c      0x8  wwd_management.o [6]
  .rodata              const    0x0005fd14      0x8  wwd_wifi.o [6]
  .rodata              const    0x0005fd1c      0x8  wwd_wifi.o [6]
  .rodata              const    0x0005fd24      0x8  wwd_wifi.o [6]
  .rodata              const    0x0005fd2c      0x8  wwd_wifi.o [6]
  .rodata              const    0x0005fd34      0x8  wwd_wifi.o [6]
  .rodata              const    0x0005fd3c      0x8  ostimers.o [6]
  .rodata              const    0x0005fd44      0x8  tasks.o [6]
  .rodata              const    0x0005fd4c      0x8  etharp.o [6]
  .rodata              const    0x0005fd54      0x8  etharp.o [6]
  .rodata              const    0x0005fd5c      0x8  wiced_network.o [6]
  .rodata              const    0x0005fd64      0x8  wwd_ap.o [6]
  .rodata              const    0x0005fd6c      0x8  fsl_gpio_common.o [4]
  .rodata              const    0x0005fd74      0x8  wwd_network.o [6]
  .rodata              const    0x0005fd7c      0x8  dhcp_server.o [6]
  .rodata              const    0x0005fd84      0x8  dhcp_server.o [6]
  .rodata              const    0x0005fd8c      0x8  dhcp_server.o [6]
  .rodata              const    0x0005fd94      0x8  dhcp_server.o [6]
  .rodata              const    0x0005fd9c      0x4  fsl_clock_manager.o [4]
  .rodata              const    0x0005fda0      0x4  fsl_clock_manager.o [4]
  .rodata              const    0x0005fda4      0x4  easylink2.o [6]
  .rodata              const    0x0005fda8      0x4  easylink2.o [6]
  .rodata              const    0x0005fdac      0x4  ip_addr.o [6]
  .rodata              const    0x0005fdb0      0x4  ip_addr.o [6]
  .rodata              const    0x0005fdb4      0x4  dhcp_server.o [6]
  .rodata              const    0x0005fdb8      0x4  dhcp_server.o [6]
  .rodata              const    0x0005fdbc      0x4  dhcp_server.o [6]
  .rodata              const    0x0005fdc0      0x4  dhcp_server.o [6]
  .rodata              const    0x0005fdc4      0x4  dhcp_server.o [6]
  SHT$$PREINIT_ARRAY            0x0005fdc8      0x4  <Block>
    .prepreinit_array  const    0x0005fdc8      0x4  xlocale_c.o [3]
  SHT$$INIT_ARRAY               0x0005fdcc      0x0  <Block>
  .data_init                    0x0005fdcc     0xee  <Block>
    Initializer bytes  ro data  0x0005fdcc     0xee  <for .data-1>
  Initializer bytes    ro data  0x0005feba     0x14  <for P3 s0>
                              - 0x0005fece  0x5fabe

"P3":                                       0x1655c
  .data                         0x20000000    0x178  <Block>
    .data-1                     0x20000000    0x178  <Init block>
      .data            inited   0x20000000      0x8  fsl_uart_common.o [1]
      .data            inited   0x20000008      0x4  HTTPUtils.o [1]
      .data            inited   0x2000000c      0x4  json_object.o [1]
      .data            inited   0x20000010      0x4  json_object.o [1]
      .data            inited   0x20000014      0x4  json_tokener.o [1]
      .data            inited   0x20000018     0x18  MDNSUtils.o [1]
      .data            inited   0x20000030      0x4  MICOConfig.o [1]
      .data            inited   0x20000034      0x4  SppProtocol.o [1]
      .data            inited   0x20000038      0x4  wifimgr.o [6]
      .data            inited   0x2000003c      0x4  wifimgr.o [6]
      .data            inited   0x20000040      0x4  wifimgr.o [6]
      .data            inited   0x20000044      0x4  wifimgr.o [6]
      .data            inited   0x20000048      0x4  wifimgr.o [6]
      .data            inited   0x2000004c      0x4  wifimgr.o [6]
      .data            inited   0x20000050      0x4  mftest.o [6]
      .data            inited   0x20000054      0x4  mftest.o [6]
      .data            inited   0x20000058      0x4  airkiss.o [6]
      .data            inited   0x2000005c      0x4  easylink2.o [6]
      .data            inited   0x20000060      0x4  wwd_rtos.o [6]
      .data            inited   0x20000064     0x10  tcp.o [6]
      .data            inited   0x20000074      0x4  tcp.o [6]
      .data            inited   0x20000078      0x4  wifi.o [6]
      .data            inited   0x2000007c      0x4  port.o [6]
      .data            inited   0x20000080      0x4  tasks.o [6]
      .data            inited   0x20000084      0x4  wwd_ap.o [6]
      .data            inited   0x20000088      0xc  wwd_internal.o [6]
      .data            inited   0x20000094      0x4  dhcp.o [6]
      .data            inited   0x20000098     0x40  xfiles.o [3]
      .data            inited   0x200000d8     0x40  xfiles.o [3]
      .data            inited   0x20000118     0x40  xfiles.o [3]
      .data            inited   0x20000158     0x20  xfiles.o [3]
  CSTACK                        0x20000178    0x200  <Block>
    CSTACK             uninit   0x20000178    0x200  <Block tail>
  HEAP                          0x20000378  0x16000  <Block>
    HEAP               uninit   0x20000378  0x16000  <Block tail>
  P3 s0                         0x20016378    0x1e4  <Init block>
    __DLIB_PERTHREAD   inited   0x20016378     0x8c  rand.o [3]
    __DLIB_PERTHREAD   inited   0x20016404     0x88  localeconv.o [3]
    __DLIB_PERTHREAD   inited   0x2001648c     0x74  setlocale.o [3]
    __DLIB_PERTHREAD   inited   0x20016500     0x2c  xttotm.o [3]
    __DLIB_PERTHREAD   inited   0x2001652c     0x1c  asctime.o [3]
    __DLIB_PERTHREAD   inited   0x20016548      0x8  localtim.o [3]
    __DLIB_PERTHREAD   inited   0x20016550      0x4  errno.o [3]
    __DLIB_PERTHREAD   inited   0x20016554      0x4  xisdst.o [3]
    __DLIB_PERTHREAD   inited   0x20016558      0x4  xisdstData.o [3]
                              - 0x2001655c  0x1655c

"P4":                                        0xc72a
  default              zero     0x2001655c      0xc  flash_kinetis.o [1]
  .bss                          0x20016568   0xc71e  <Block>
    .bss               zero     0x20016568     0x10  EasyLink.o [1]
    .bss               zero     0x20016578      0x4  EasyLink.o [1]
    .bss               zero     0x2001657c      0x4  EasyLinkSoftAP.o [1]
    .bss               zero     0x20016580    0x140  edma.o [1]
    .bss               zero     0x200166c0     0x4c  fsl_debug_console.o [1]
    .bss               zero     0x2001670c      0x4  fsl_edma_driver.o [1]
    .bss               zero     0x20016710     0x18  fsl_uart_common.o [1]
    .bss               zero     0x20016728    0x514  k64_gpio.o [1]
    .bss               zero     0x20016c3c     0x4c  k64_spi.o [1]
    .bss               zero     0x20016c88   0x2078  k64_spi.o [1]
    .bss               zero     0x20018d00      0x8  ksdk_platform.o [1]
    .bss               zero     0x20018d08      0x4  LocalTcpServer.o [1]
    .bss               zero     0x20018d0c      0x4  MDNSUtils.o [1]
    .bss               zero     0x20018d10    0x810  MICOAppEntrance.o [1]
    .bss               zero     0x20019520      0x4  MICOBonjour.o [1]
    .bss               zero     0x20019524      0xc  MICOConfigDelegate.o [1]
    .bss               zero     0x20019530      0x4  MICOConfigServer.o [1]
    .bss               zero     0x20019534      0x4  MicoDriverFlash.o [1]
    .bss               zero     0x20019538     0x44  MicoDriverUart.o [1]
    .bss               zero     0x2001957c     0x3c  MicoDriverUart.o [1]
    .bss               zero     0x200195b8     0x18  MICOEntrance.o [1]
    .bss               zero     0x200195d0     0x54  MICONotificationCenter.o [1]
    .bss               zero     0x20019624      0x8  MICONTPClient.o [1]
    .bss               zero     0x2001962c      0x4  MICOParaStorage.o [1]
    .bss               zero     0x20019630     0x14  MICOSystemMonitor.o [1]
    .bss               zero     0x20019644     0x10  platform.o [1]
    .bss               zero     0x20019654      0x8  RemoteTcpClient.o [1]
    .bss               zero     0x2001965c    0x80c  wwd_bus.o [1]
    .bss               zero     0x20019e68      0x4  mxchipWNET.o [6]
    .bss               zero     0x20019e6c      0x4  mxchipWNET.o [6]
    .bss               zero     0x20019e70      0x4  mxchipWNET.o [6]
    .bss               zero     0x20019e74      0x4  mxchipWNET.o [6]
    .bss               zero     0x20019e78      0x4  mxchipWNET.o [6]
    .bss               zero     0x20019e7c     0x10  mxchipWNET.o [6]
    .bss               zero     0x20019e8c      0x8  wiced_rtos.o [6]
    .bss               zero     0x20019e94      0x4  wiced_rtos.o [6]
    .bss               zero     0x20019e98      0x4  wifimgr.o [6]
    .bss               zero     0x20019e9c      0x4  wifimgr.o [6]
    .bss               zero     0x20019ea0     0x70  wifimgr.o [6]
    .bss               zero     0x20019f10     0x3c  wifimgr.o [6]
    .bss               zero     0x20019f4c      0x4  wifimgr.o [6]
    .bss               zero     0x20019f50      0x8  wifimgr.o [6]
    .bss               zero     0x20019f58      0x8  wifimgr.o [6]
    .bss               zero     0x20019f60     0x3c  wifimgr.o [6]
    .bss               zero     0x20019f9c     0x3c  wifimgr.o [6]
    .bss               zero     0x20019fd8     0x14  wifimgr.o [6]
    .bss               zero     0x20019fec      0x4  wifimgr.o [6]
    .bss               zero     0x20019ff0      0x4  wifimgr.o [6]
    .bss               zero     0x20019ff4      0x4  wifimgr.o [6]
    .bss               zero     0x20019ff8      0x4  wifimgr.o [6]
    .bss               zero     0x20019ffc      0x4  wifimgr.o [6]
    .bss               zero     0x2001a000      0x4  wifimgr.o [6]
    .bss               zero     0x2001a004     0x3c  wifimgr.o [6]
    .bss               zero     0x2001a040      0x4  wifimgr.o [6]
    .bss               zero     0x2001a044      0xc  fsl_dspi_shared_function.o [4]
    .bss               zero     0x2001a050      0x4  mftest.o [6]
    .bss               zero     0x2001a054     0x30  mftest.o [6]
    .bss               zero     0x2001a084     0x30  mftest.o [6]
    .bss               zero     0x2001a0b4      0x4  mftest.o [6]
    .bss               zero     0x2001a0b8     0x18  mftest.o [6]
    .bss               zero     0x2001a0d0      0x4  mftest.o [6]
    .bss               zero     0x2001a0d4      0x4  mftest.o [6]
    .bss               zero     0x2001a0d8     0x14  mftest.o [6]
    .bss               zero     0x2001a0ec      0x4  wwd_thread.o [6]
    .bss               zero     0x2001a0f0      0x4  wwd_thread.o [6]
    .bss               zero     0x2001a0f4      0x4  airkiss.o [6]
    .bss               zero     0x2001a0f8     0x38  airkiss.o [6]
    .bss               zero     0x2001a130    0x100  airkiss.o [6]
    .bss               zero     0x2001a230     0x28  airkiss.o [6]
    .bss               zero     0x2001a258      0x8  airkiss.o [6]
    .bss               zero     0x2001a260      0xc  airkiss.o [6]
    .bss               zero     0x2001a26c      0x4  airkiss.o [6]
    .bss               zero     0x2001a270      0x4  airkiss.o [6]
    .bss               zero     0x2001a274      0x4  airkiss.o [6]
    .bss               zero     0x2001a278      0x4  airkiss.o [6]
    .bss               zero     0x2001a27c      0x4  airkiss.o [6]
    .bss               zero     0x2001a280      0x4  airkiss.o [6]
    .bss               zero     0x2001a284      0x4  airkiss.o [6]
    .bss               zero     0x2001a288     0x18  dlmalloc.o [6]
    .bss               zero     0x2001a2a0    0x1d8  dlmalloc.o [6]
    .bss               zero     0x2001a478      0x4  wps_host.o [6]
    .bss               zero     0x2001a47c      0x4  wps_host.o [6]
    .bss               zero     0x2001a480      0x4  dns.o [6]
    .bss               zero     0x2001a484    0x460  dns.o [6]
    .bss               zero     0x2001a8e4      0x8  dns.o [6]
    .bss               zero     0x2001a8ec    0x204  dns.o [6]
    .bss               zero     0x2001aaf0      0x4  dns.o [6]
    .bss               zero     0x2001aaf4      0x4  easylink.o [6]
    .bss               zero     0x2001aaf8     0x48  easylink.o [6]
    .bss               zero     0x2001ab40    0x100  easylink.o [6]
    .bss               zero     0x2001ac40    0x100  easylink.o [6]
    .bss               zero     0x2001ad40      0x4  easylink.o [6]
    .bss               zero     0x2001ad44      0x4  easylink.o [6]
    .bss               zero     0x2001ad48      0x4  easylink.o [6]
    .bss               zero     0x2001ad4c     0x8c  easylink.o [6]
    .bss               zero     0x2001add8    0x29c  easylink2.o [6]
    .bss               zero     0x2001b074      0x4  easylink2.o [6]
    .bss               zero     0x2001b078      0x4  easylink2.o [6]
    .bss               zero     0x2001b07c      0x4  easylink2.o [6]
    .bss               zero     0x2001b080      0x4  easylink2.o [6]
    .bss               zero     0x2001b084      0x4  easylink2.o [6]
    .bss               zero     0x2001b088      0x4  easylink2.o [6]
    .bss               zero     0x2001b08c     0x40  easylink2.o [6]
    .bss               zero     0x2001b0cc      0x4  easylink2.o [6]
    .bss               zero     0x2001b0d0      0x4  sockets.o [6]
    .bss               zero     0x2001b0d4    0x180  sockets.o [6]
    .bss               zero     0x2001b254      0x4  sockets.o [6]
    .bss               zero     0x2001b258      0x4  sockets.o [6]
    .bss               zero     0x2001b25c     0x10  ip_addr.o [6]
    .bss               zero     0x2001b26c     0x44  memp.o [6]
    .bss               zero     0x2001b2b0   0x71f0  memp.o [6]
    .bss               zero     0x200224a0     0x28  dnsclient.o [6]
    .bss               zero     0x200224c8      0x4  dnsclient.o [6]
    .bss               zero     0x200224cc      0x4  tcp.o [6]
    .bss               zero     0x200224d0      0x4  tcp.o [6]
    .bss               zero     0x200224d4      0x4  tcp.o [6]
    .bss               zero     0x200224d8      0x4  tcp.o [6]
    .bss               zero     0x200224dc      0x4  tcp.o [6]
    .bss               zero     0x200224e0      0x4  tcp.o [6]
    .bss               zero     0x200224e4      0x4  tcp.o [6]
    .bss               zero     0x200224e8      0x4  tcp.o [6]
    .bss               zero     0x200224ec      0x4  wifi.o [6]
    .bss               zero     0x200224f0      0x4  wifi.o [6]
    .bss               zero     0x200224f4      0x4  wifi.o [6]
    .bss               zero     0x200224f8      0x4  wifi.o [6]
    .bss               zero     0x200224fc      0x4  wifi.o [6]
    .bss               zero     0x20022500      0x8  wifi.o [6]
    .bss               zero     0x20022508     0x14  tcp_in.o [6]
    .bss               zero     0x2002251c      0x4  tcp_in.o [6]
    .bss               zero     0x20022520      0x4  tcp_in.o [6]
    .bss               zero     0x20022524      0x4  tcp_in.o [6]
    .bss               zero     0x20022528      0x4  tcp_in.o [6]
    .bss               zero     0x2002252c      0x4  tcp_in.o [6]
    .bss               zero     0x20022530      0x4  tcp_in.o [6]
    .bss               zero     0x20022534      0x8  wwd_management.o [6]
    .bss               zero     0x2002253c      0x4  wwd_wifi.o [6]
    .bss               zero     0x20022540      0x4  wwd_wifi.o [6]
    .bss               zero     0x20022544      0x4  wwd_wifi.o [6]
    .bss               zero     0x20022548      0x4  wwd_wifi.o [6]
    .bss               zero     0x2002254c     0x14  ostimers.o [6]
    .bss               zero     0x20022560     0x14  ostimers.o [6]
    .bss               zero     0x20022574      0x4  ostimers.o [6]
    .bss               zero     0x20022578      0x4  ostimers.o [6]
    .bss               zero     0x2002257c      0x4  ostimers.o [6]
    .bss               zero     0x20022580      0x4  ostimers.o [6]
    .bss               zero     0x20022584      0x4  tasks.o [6]
    .bss               zero     0x20022588     0xc8  tasks.o [6]
    .bss               zero     0x20022650     0x14  tasks.o [6]
    .bss               zero     0x20022664     0x14  tasks.o [6]
    .bss               zero     0x20022678      0x4  tasks.o [6]
    .bss               zero     0x2002267c      0x4  tasks.o [6]
    .bss               zero     0x20022680     0x14  tasks.o [6]
    .bss               zero     0x20022694     0x14  tasks.o [6]
    .bss               zero     0x200226a8      0x4  tasks.o [6]
    .bss               zero     0x200226ac     0x14  tasks.o [6]
    .bss               zero     0x200226c0      0x4  tasks.o [6]
    .bss               zero     0x200226c4      0x4  tasks.o [6]
    .bss               zero     0x200226c8      0x4  tasks.o [6]
    .bss               zero     0x200226cc      0x4  tasks.o [6]
    .bss               zero     0x200226d0      0x4  tasks.o [6]
    .bss               zero     0x200226d4      0x4  tasks.o [6]
    .bss               zero     0x200226d8      0x4  tasks.o [6]
    .bss               zero     0x200226dc      0x4  tasks.o [6]
    .bss               zero     0x200226e0      0x4  tasks.o [6]
    .bss               zero     0x200226e4      0x4  tasks.o [6]
    .bss               zero     0x200226e8     0xa0  etharp.o [6]
    .bss               zero     0x20022788      0x4  ip.o [6]
    .bss               zero     0x2002278c      0x4  ip.o [6]
    .bss               zero     0x20022790      0x4  ip.o [6]
    .bss               zero     0x20022794      0x4  ip.o [6]
    .bss               zero     0x20022798      0x4  ip.o [6]
    .bss               zero     0x2002279c     0x88  wiced_network.o [6]
    .bss               zero     0x20022824     0x3c  wiced_network.o [6]
    .bss               zero     0x20022860     0x38  wiced_network.o [6]
    .bss               zero     0x20022898      0x4  wiced_network.o [6]
    .bss               zero     0x2002289c      0x4  wiced_network.o [6]
    .bss               zero     0x200228a0     0x14  wiced_network.o [6]
    .bss               zero     0x200228b4     0x14  wiced_network.o [6]
    .bss               zero     0x200228c8     0x20  wiced_network.o [6]
    .bss               zero     0x200228e8     0x3c  SDPCM.o [6]
    .bss               zero     0x20022924      0x4  SDPCM.o [6]
    .bss               zero     0x20022928      0x4  SDPCM.o [6]
    .bss               zero     0x2002292c      0x4  SDPCM.o [6]
    .bss               zero     0x20022930      0x4  SDPCM.o [6]
    .bss               zero     0x20022934      0x4  SDPCM.o [6]
    .bss               zero     0x20022938      0x4  SDPCM.o [6]
    .bss               zero     0x2002293c      0x4  SDPCM.o [6]
    .bss               zero     0x20022940      0x4  wwd_ap.o [6]
    .bss               zero     0x20022944      0x4  wwd_internal.o [6]
    .bss               zero     0x20022948      0x4  udp.o [6]
    .bss               zero     0x2002294c      0x4  igmp.o [6]
    .bss               zero     0x20022950      0x4  igmp.o [6]
    .bss               zero     0x20022954      0x4  igmp.o [6]
    .bss               zero     0x20022958      0x4  igmp.o [6]
    .bss               zero     0x2002295c      0x4  lwiptcpip.o [6]
    .bss               zero     0x20022960      0x4  lwiptcpip.o [6]
    .bss               zero     0x20022964      0x4  lwiptcpip.o [6]
    .bss               zero     0x20022968      0x4  lwiptimers.o [6]
    .bss               zero     0x2002296c      0x4  lwiptimers.o [6]
    .bss               zero     0x20022970      0x4  wiced_ping.o [6]
    .bss               zero     0x20022974     0x28  wiced_ping.o [6]
    .bss               zero     0x2002299c      0x4  ip_frag.o [6]
    .bss               zero     0x200229a0      0x4  netif.o [6]
    .bss               zero     0x200229a4      0x4  netif.o [6]
    .bss               zero     0x200229a8     0x44  netif.o [6]
    .bss               zero     0x200229ec      0x4  raw.o [6]
    .bss               zero     0x200229f0     0x28  dhcp.o [6]
    .bss               zero     0x20022a18      0xc  dhcp.o [6]
    .bss               zero     0x20022a24     0x20  dhcp_server.o [6]
    .bss               zero     0x20022a44     0x64  dhcp_server.o [6]
    .bss               zero     0x20022aa8     0x50  xfiles.o [3]
    .bss               zero     0x20022af8     0x50  xfiles.o [3]
    .bss               zero     0x20022b48      0x4  xgetmemchunk.o [3]
    .bss               zero     0x20022b4c     0x38  xsyslock_mtx.o [3]
    .bss               zero     0x20022b84     0x54  xlocale_c.o [3]
    .bss               zero     0x20022bd8     0x80  XShHandles.o [3]
    .bss               zero     0x20022c58      0x2  tcp.o [6]
    .bss               zero     0x20022c5a      0x2  tcp_in.o [6]
    .bss               zero     0x20022c5c      0x2  ip.o [6]
    .bss               zero     0x20022c5e      0x2  wiced_network.o [6]
    .bss               zero     0x20022c60      0x2  SDPCM.o [6]
    .bss               zero     0x20022c62      0x2  wiced_ping.o [6]
    .bss               zero     0x20022c64      0x2  ip_frag.o [6]
    .bss               zero     0x20022c66      0x1  printbuf.o [1]
    .bss               zero     0x20022c67      0x1  wifimgr.o [6]
    .bss               zero     0x20022c68      0x1  wifimgr.o [6]
    .bss               zero     0x20022c69      0x1  wifimgr.o [6]
    .bss               zero     0x20022c6a      0x1  wwd_thread.o [6]
    .bss               zero     0x20022c6b      0x1  wwd_thread.o [6]
    .bss               zero     0x20022c6c      0x1  wwd_thread.o [6]
    .bss               zero     0x20022c6d      0x1  wps_host.o [6]
    .bss               zero     0x20022c6e      0x1  wps_host.o [6]
    .bss               zero     0x20022c6f      0x1  dns.o [6]
    .bss               zero     0x20022c70      0x1  easylink.o [6]
    .bss               zero     0x20022c71      0x1  easylink.o [6]
    .bss               zero     0x20022c72      0x1  tcp.o [6]
    .bss               zero     0x20022c73      0x1  wifi.o [6]
    .bss               zero     0x20022c74      0x1  wifi.o [6]
    .bss               zero     0x20022c75      0x1  tcp_in.o [6]
    .bss               zero     0x20022c76      0x1  tcp_in.o [6]
    .bss               zero     0x20022c77      0x1  wwd_wifi.o [6]
    .bss               zero     0x20022c78      0x1  etharp.o [6]
    .bss               zero     0x20022c79      0x1  wiced_network.o [6]
    .bss               zero     0x20022c7a      0x1  wiced_network.o [6]
    .bss               zero     0x20022c7b      0x1  SDPCM.o [6]
    .bss               zero     0x20022c7c      0x1  SDPCM.o [6]
    .bss               zero     0x20022c7d      0x1  SDPCM.o [6]
    .bss               zero     0x20022c7e      0x1  SDPCM.o [6]
    .bss               zero     0x20022c7f      0x1  SDPCM.o [6]
    .bss               zero     0x20022c80      0x1  SDPCM.o [6]
    .bss               zero     0x20022c81      0x1  SDPCM.o [6]
    .bss               zero     0x20022c82      0x1  wwd_ap.o [6]
    .bss               zero     0x20022c83      0x1  wwd_bus_protocol.o [6]
    .bss               zero     0x20022c84      0x1  wwd_bus_protocol.o [6]
    .bss               zero     0x20022c85      0x1  netif.o [6]
                              - 0x20022c86   0xc72a

"P6":                                         0x100
  codeRam              zero     0x2002ff00    0x100  flash_kinetis.o [1]
                              - 0x20030000    0x100


*******************************************************************************
*** INIT TABLE
***

          Address     Size
          -------     ----
Zero (__iar_zero_init3)
    3 destination ranges, total size 0xc82a:
          0x2001655c     0xc
          0x20016568  0xc71e
          0x2002ff00   0x100

Copy/packbits (__iar_packbits_init3)
    1 source range, total size 0xee (63% of destination):
          0x0005fdcc    0xee
    1 destination range, total size 0x178:
          0x20000000   0x178

Copy/packbits (__iar_packbits_init3)
    1 source range, total size 0x14 (4% of destination):
          0x0005feba    0x14
    1 destination range, total size 0x1e4:
          0x20016378   0x1e4

Extra (__iar_cstart_call_ctors)



*******************************************************************************
*** MODULE SUMMARY
***

    Module                          ro code  ro data  rw data
    ------                          -------  -------  -------
C:\Users\Jiaqi\Desktop\MICO-master\Build\FRDM_K64F_SPP\Obj: [1]
    EasyLink.o                        6 672                20
    EasyLinkSoftAP.o                  3 568                 4
    HTTPUtils.o                       5 152        2        4
    LocalTcpServer.o                  1 792                 4
    MDNSUtils.o                       3 396       15       28
    MICOAppEntrance.o                 1 040             2 064
    MICOBonjour.o                     1 100                 4
    MICOConfig.o                                  14        4
    MICOConfigDelegate.o              3 876                12
    MICOConfigMenu.o                  1 756
    MICOConfigServer.o                3 788                 4
    MICOEntrance.o                    4 680       52       24
    MICONTPClient.o                   1 284                 8
    MICONotificationCenter.o          1 004                84
    MICOParaStorage.o                   940                 4
    MICOSystemMonitor.o                 428                20
    MicoDriverFlash.o                   336                 4
    MicoDriverGpio.o                    464
    MicoDriverRtc.o                      12
    MicoDriverUart.o                    764               128
    MicoDriverWdg.o                       6
    RemoteTcpClient.o                 1 292                 8
    RingBufferUtils.o                    14
    SocketUtils.o                       796
    SppProtocol.o                       376        3        4
    StringUtils.o                     2 528
    URLUtils.o                          362
    UartRecv.o                          276
    arraylist.o                         212
    crt0_IAR.o                           28
    edma.o                               96               320
    flash_kinetis.o                     112               268
    flash_kinetisRamFunc.o               64
    fsl_debug_console.o                 266                76
    fsl_dspi_irq.o                       18
    fsl_edma_common.o                             25
    fsl_edma_driver.o                 1 492                 4
    fsl_edma_irq.o                      102
    fsl_rtc_irq.o                        12
    fsl_uart_common.o                             29       32
    fsl_uart_driver.o                 1 148
    fsl_uart_hal.o                      300
    fsl_uart_irq.o                       36
    gpio_pins.o                                   48
    hardware_init.o                     192
    json_object.o                     1 520       41        8
    json_tokener.o                    3 884        3        4
    json_util.o                         228
    k64_gpio.o                          664             1 300
    k64_spi.o                           740             8 388
    ksdk_platform.o                      92                 8
    linkhash.o                          844
    pin_mux.o                         1 328
    platform.o                          500       48       16
    printbuf.o                          310                 1
    read_wifi_firmware.o            203 308
    startup.o                            88
    startup_MK64F12.o                 1 122
    system_MK64F12.o                    308
    wlan_platform.o                      68
    wwd_bus.o                           228             2 060
    ---------------------------------------------------------
    Total:                          267 012      280   14 917

command line: [2]
    ---------------------------------------------------------
    Total:

dl7M_tlf.a: [3]
    XShHandles.o                        224               128
    abort.o                               6
    asctime.o                            44        1       28
    cppinit.o                            24
    div.o                                14
    errno.o                              12                 4
    exit.o                                4
    fclose.o                            122
    fflush.o                            176
    fputc.o                              86
    fseek.o                              34
    getzone.o                            10
    isxxx.o                              40
    localeconv.o                        108        6      136
    localtim.o                          182                 8
    memcpy.o                             12
    memset.o                             20
    printf.o                             36
    putchar.o                            12
    rand.o                              224        5      140
    setlocale.o                          84        5      116
    snprintf.o                           68
    sprintf.o                            52
    srand.o                              32
    sscanf.o                             36
    strdup.o                             24
    strncasecmp.o                        78
    strncmp.o                            42
    strnlen.o                            22
    strrchr.o                            24
    strstr.o                             44
    tolower.o                            20
    toupper.o                            24
    vprintf.o                            24
    vsnprint.o                           60
    vsprintf.o                           44
    xcloseall.o                          88
    xencoding_sb.o                       96
    xfgpos.o                             12
    xfiles.o                                     142      384
    xfofind.o                           124
    xfspos.o                            214
    xfwprep.o                           182
    xgentime.o                        2 118
    xgetdst.o                           356
    xgetmemchunk.o                       44                 4
    xgettime.o                           66
    xisdst.o                            308                 4
    xisdstData.o                                   1        4
    xlocale_c.o                         438        4       84
    xmbcurmax.o                          10
    xmbtowc.o                            32
    xprintffull.o                     4 430
    xprout.o                             22
    xscanffull.o                      3 316
    xsnprout.o                           26
    xsprout.o                            10
    xsscin.o                             30
    xstoflt.o                           440
    xstol.o                             136
    xstoll.o                            164
    xstopfx.o                           308
    xstoul.o                            404
    xstoull.o                           432
    xstoxflt.o                          536
    xstrftim.o                          268
    xsyslock.o                           32
    xsyslock_mtx.o                      348                56
    xtls.o                                2
    xttotm.o                            392        2       44
    xwctob.o                             64
    xwctomb.o                            26
    ---------------------------------------------------------
    Total:                           17 542      166    1 140

ksdk_freertos_lib.a: [4]
    fsl_clock_K64F12.o                   50
    fsl_clock_manager.o                 352        8
    fsl_dmamux_hal.o                     40
    fsl_dspi_common.o                             12
    fsl_dspi_hal.o                      136
    fsl_dspi_master_driver.o            828
    fsl_dspi_shared_function.o           92      116       12
    fsl_dspi_slave_driver.o           1 148
    fsl_edma_hal.o                    1 140      184
    fsl_gpio_common.o                             48
    fsl_gpio_driver.o                   980      412
    fsl_gpio_hal.o                      112       72
    fsl_mcg_hal.o                       692
    fsl_os_abstraction_free_rtos.o      184       80
    fsl_sim_hal.o                       184       88
    fsl_sim_hal_K64F12.o                256       20
    ---------------------------------------------------------
    Total:                            6 194    1 040       12

m7M_tlv.a: [5]
    DblAdd.o                            232
    DblCmpEq.o                           32
    DblCmpGe.o                           46
    DblCmpLe.o                           46
    DblDiv.o                            582
    DblMul.o                            418
    DblSub.o                            384
    DblToFlt.o                          144
    DblToI32.o                           88
    I32ToDbl.o                           48
    fpinit_M.o                           26
    xdnorm.o                             66
    xdscale.o                           276
    xdtento.o                           512
    xdunscal.o                           86
    xstold.o                            360
    ---------------------------------------------------------
    Total:                            3 346

mxchipWNet_cm4f_spi.a: [6]
    SDPCM.o                           2 776       20       97
    airkiss.o                         1 840      399      408
    api_lib.o                         1 508
    api_msg.o                         3 784
    def.o                                54
    dhcp.o                            3 820        3       56
    dhcp_server.o                     1 564      132      132
    dlmalloc.o                        9 524               496
    dns.o                             1 560       28    1 653
    dns_redirect.o                      496       24
    dnsclient.o                         104                44
    easylink.o                        1 472       96      742
    easylink2.o                       1 880      134      764
    etharp.o                          2 224       16      161
    heap_3.o                             56
    iar_mutex.o                          40
    icmp.o                              506
    igmp.o                            1 396                16
    inet_chksum.o                       368
    init.o                               32
    ip.o                              1 236                22
    ip_addr.o                           602        8       16
    ip_frag.o                         1 406                 6
    list.o                              154
    lwiptcpip.o                         636       16       12
    lwiptimers.o                        824                 8
    memp.o                              192       72   29 236
    mftest.o                            936      393      164
    mxchipWNET.o                      1 812       60       36
    mxchipbesl.o                         12
    netbuf.o                            214
    netif.o                             854                77
    netifapi.o                           72
    ostimers.o                          900        8       56
    pbuf.o                            1 246
    port.o                              236        3        4
    portasm.o                           164
    queue.o                           1 266
    raw.o                               460                 4
    read_wifi_firmware.o                 24
    sockets.o                         4 996       64      396
    sys.o                                40
    sys_arch.o                          672
    tasks.o                           2 600       30      360
    tcp.o                             3 584       36       55
    tcp_in.o                          5 020                48
    tcp_out.o                         3 278
    tcpip.o                           1 572
    udp.o                             1 572                 4
    wiced_lib.o                         140       12
    wiced_network.o                   1 016       28      336
    wiced_ping.o                        396                46
    wiced_rtos.o                      1 642       44       12
    wifi.o                            1 132       71       34
    wifimgr.o                         4 776      499      455
    wps_host.o                           76                10
    wwd_ap.o                          1 142       63        9
    wwd_buffer.o                        152
    wwd_bus_protocol.o                1 784        2        2
    wwd_firmware.o                      738      780
    wwd_internal.o                      608       19       16
    wwd_management.o                    592       40        8
    wwd_network.o                       380        8
    wwd_rtos.o                          304        3        4
    wwd_thread.o                        424        8       11
    wwd_wifi.o                        4 972      476       17
    ---------------------------------------------------------
    Total:                           91 858    3 595   36 033

rt7M_tl.a: [7]
    ABImemclr.o                           6
    ABImemclr4.o                          6
    ABImemcpy_unaligned.o               118
    ABImemmove_unaligned.o              120
    ABImemset.o                         102
    ABImemset48.o                        58
    I64DivMod.o                         238
    I64DivZer.o                           2
    cexit.o                              18
    cmain.o                              26
    cmain_call_ctors.o                   32
    cstart_clearlocks.o
    cstart_closeall.o
    cstartup_M.o                         12
    data_init.o                          40
    memchr.o                             88
    memcmp_unaligned.o                   98
    memmove.o                            12
    packbits_init.o                     210
    strchr.o                             22
    strcmp_unaligned.o                   66
    strcpy_unaligned.o                   68
    strlen.o                             54
    strncpy_unaligned.o                 108
    zero_init3.o                         34
    ---------------------------------------------------------
    Total:                            1 538

shb_l.a: [8]
    ABIassert.o                          36
    close.o                              26
    exit.o                               20
    lseek.o                              76
    remove.o                             22
    ---------------------------------------------------------
    Total:                              180

    Gaps                                 58        9
    Linker created                                92   90 624
-------------------------------------------------------------
    Grand Total:                    387 728    5 182  142 726


*******************************************************************************
*** ENTRY LIST
***

Entry                      Address     Size  Type      Object
-----                      -------     ----  ----      ------
.bss$$Base              0x20016568            --   Gb  - Linker created -
.bss$$Limit             0x20022c86            --   Gb  - Linker created -
.data$$Base             0x20000000            --   Gb  - Linker created -
.data$$Limit            0x20000178            --   Gb  - Linker created -
.data_init$$Base        0x0005fdcc            --   Gb  - Linker created -
.data_init$$Limit       0x0005feba            --   Gb  - Linker created -
.intvec$$Base           0x00000000            --   Gb  - Linker created -
.intvec$$Limit          0x00000400            --   Gb  - Linker created -
?main                   0x0005f71d           Code  Gb  cmain.o [7]
ApListAdvCallback       0x00035e77     0x1a  Code  Gb  MICONotificationCenter.o [1]
ApListCallback          0x00035e5d     0x1a  Code  Gb  MICONotificationCenter.o [1]
BonjourNotify_SYSWillPoerOffHandler
                        0x000509c9      0xe  Code  Gb  MICOBonjour.o [1]
BonjourNotify_WifiStatusHandler
                        0x000509bd      0xc  Code  Gb  MICOBonjour.o [1]
CLOCK_HAL_GetClkSrcMode
                        0x0005a4d1      0x8  Code  Lc  fsl_mcg_hal.o [4]
CLOCK_HAL_GetDigitalControlledOscRangeMode
                        0x0005a50b      0xa  Code  Lc  fsl_mcg_hal.o [4]
CLOCK_HAL_GetDivider    0x0005a785     0xaa  Code  Gb  fsl_sim_hal.o [4]
CLOCK_HAL_GetDmx32      0x0005a501      0xa  Code  Lc  fsl_mcg_hal.o [4]
CLOCK_HAL_GetFastClkInternalRefDivider
                        0x0005a52f      0xa  Code  Lc  fsl_mcg_hal.o [4]
CLOCK_HAL_GetFllClk     0x0005a5b7     0xaa  Code  Gb  fsl_mcg_hal.o [4]
CLOCK_HAL_GetFllExternalRefDivider
                        0x0005a4d9      0xa  Code  Lc  fsl_mcg_hal.o [4]
CLOCK_HAL_GetFllRefClk  0x0005a541     0x76  Code  Gb  fsl_mcg_hal.o [4]
CLOCK_HAL_GetInternalRefClk
                        0x0005a6b9     0x2e  Code  Gb  fsl_mcg_hal.o [4]
CLOCK_HAL_GetInternalRefClkSelMode
                        0x0005a4f7      0xa  Code  Lc  fsl_mcg_hal.o [4]
CLOCK_HAL_GetInternalRefSelMode
                        0x0005a4e3      0xa  Code  Lc  fsl_mcg_hal.o [4]
CLOCK_HAL_GetOscselMode
                        0x0005a539      0x8  Code  Lc  fsl_mcg_hal.o [4]
CLOCK_HAL_GetOutClk     0x0005a6e7     0x80  Code  Gb  fsl_mcg_hal.o [4]
CLOCK_HAL_GetPll0Clk    0x0005a661     0x58  Code  Gb  fsl_mcg_hal.o [4]
CLOCK_HAL_GetPllExternalRefDivider0
                        0x0005a515      0x8  Code  Lc  fsl_mcg_hal.o [4]
CLOCK_HAL_GetPllSelMode
                        0x0005a51d      0xa  Code  Lc  fsl_mcg_hal.o [4]
CLOCK_HAL_GetRange0Mode
                        0x0005a4ed      0xa  Code  Lc  fsl_mcg_hal.o [4]
CLOCK_HAL_GetVoltCtrlOscDivider0
                        0x0005a527      0x8  Code  Lc  fsl_mcg_hal.o [4]
CLOCK_SYS_EnablePortClock
                        0x00040d71     0x10  Code  Lc  fsl_gpio_driver.o [4]
CLOCK_SYS_GetFreq       0x0005658b     0xf6  Code  Gb  fsl_clock_manager.o [4]
CLOCK_SYS_GetSysClkFreq
                        0x00056535     0x56  Code  Gb  fsl_clock_manager.o [4]
CLOCK_SYS_GetUartFreq   0x0004c2c5     0x32  Code  Gb  fsl_clock_K64F12.o [4]
CRC8Table               0x0005e7ac    0x100  Data  Gb  airkiss.o [6]
CSTACK$$Base            0x20000178            --   Gb  - Linker created -
[...]
vPortYieldFromISR       0x00035183      0xa  Code  Gb  port.o [6]
vQueueDelete            0x00035ccf     0x12  Code  Gb  queue.o [6]
vQueueWaitForMessageRestricted
                        0x00035e1d     0x3e  Code  Gb  queue.o [6]
vSetMSP                 0x00035631           Code  Gb  portasm.o [6]
vTaskDelay              0x00034895     0x36  Code  Gb  tasks.o [6]
vTaskDelete             0x00034821     0x74  Code  Gb  tasks.o [6]
vTaskForceAwake         0x00034943     0x48  Code  Gb  tasks.o [6]
vTaskIncrementTick      0x00034ae3    0x106  Code  Gb  tasks.o [6]
vTaskMissedYield        0x00034dcb      0xa  Code  Gb  tasks.o [6]
vTaskPlaceOnEventList   0x00034c8d     0x42  Code  Gb  tasks.o [6]
vTaskPlaceOnEventListRestricted
                        0x00034ccf     0x2a  Code  Gb  tasks.o [6]
vTaskPriorityDisinherit
                        0x0003509d     0x44  Code  Gb  tasks.o [6]
vTaskPriorityInherit    0x00035031     0x66  Code  Gb  tasks.o [6]
vTaskSetTimeOutState    0x00034d59     0x12  Code  Gb  tasks.o [6]
vTaskStartScheduler     0x0003498b     0x4c  Code  Gb  tasks.o [6]
vTaskSuspendAll         0x000349d7     0x10  Code  Gb  tasks.o [6]
vTaskSwitchContext      0x00034be9     0xa4  Code  Gb  tasks.o [6]
valid_dir               0x20000058      0x4  Data  Lc  airkiss.o [6]
vprintf                 0x0005a919     0x18  Code  Gb  vprintf.o [3]
vsnprintf               0x0005a8b1     0x3c  Code  Gb  vsnprint.o [3]
vsprintf                0x0005a8ed     0x2c  Code  Gb  vsprintf.o [3]
wiced_bus_allow_wlan_bus_to_sleep
                        0x0004b601     0x10  Code  Gb  wwd_bus_protocol.o [6]
wiced_bus_deinit        0x0004b44d      0xc  Code  Gb  wwd_bus_protocol.o [6]
wiced_bus_ensure_wlan_bus_is_up
                        0x0004b5d5     0x2c  Code  Gb  wwd_bus_protocol.o [6]
wiced_bus_flow_controlled
                        0x20022c84      0x1  Data  Lc  wwd_bus_protocol.o [6]
wiced_bus_init          0x0004b25b    0x1f2  Code  Gb  wwd_bus_protocol.o [6]
wiced_bus_interrupt     0x20022c6c      0x1  Data  Lc  wwd_thread.o [6]
wiced_bus_is_flow_controlled
                        0x0004b17f      0x8  Code  Gb  wwd_bus_protocol.o [6]
wiced_bus_poke_wlan     0x0004b15f      0x4  Code  Gb  wwd_bus_protocol.o [6]
wiced_bus_process_interrupt
                        0x0004b187     0x36  Code  Gb  wwd_bus_protocol.o [6]
wiced_bus_set_flow_control
                        0x0004b163     0x1c  Code  Gb  wwd_bus_protocol.o [6]
wiced_bus_transfer_buffer
                        0x0004b05d    0x102  Code  Gb  wwd_bus_protocol.o [6]
wiced_bus_transfer_bytes
                        0x0004b4f1     0xe4  Code  Gb  wwd_bus_protocol.o [6]
wiced_device_core_is_up
                        0x00055f05     0x5c  Code  Gb  wwd_internal.o [6]
wiced_dhcp_handle       0x20022824     0x3c  Data  Gb  wiced_network.o [6]
wiced_disable_device_core
                        0x00055f61     0x9e  Code  Gb  wwd_internal.o [6]
wiced_dns_redirector_start
                        0x00046459     0x42  Code  Gb  dns_redirect.o [6]
wiced_dns_redirector_stop
                        0x0004649b     0x30  Code  Gb  dns_redirect.o [6]
wiced_download_firmware
                        0x0004b611     0xd0  Code  Lc  wwd_bus_protocol.o [6]
wiced_get_available_bus_credits
                        0x00046301      0xe  Code  Gb  SDPCM.o [6]
wiced_get_core_address  0x00055ef9      0xc  Code  Lc  wwd_internal.o [6]
wiced_get_ioctl_buffer  0x00046253     0x26  Code  Gb  SDPCM.o [6]
wiced_get_iovar_buffer  0x000461ef     0x64  Code  Gb  SDPCM.o [6]
wiced_get_mac_addr      0x0003f1f9      0xc  Code  Gb  wwd_management.o [6]
wiced_get_next_buffer_in_queue
                        0x0004639f      0xa  Code  Lc  SDPCM.o [6]
wiced_get_packet_to_send
                        0x00046279     0x88  Code  Gb  SDPCM.o [6]
wiced_gpio_input_get    0x00040aad     0x28  Code  Gb  MicoDriverGpio.o [1]
wiced_gspi_32bit        0x20022c83      0x1  Data  Lc  wwd_bus_protocol.o [6]
wiced_handle_apsta_event
                        0x00046625     0x2e  Code  Lc  wwd_ap.o [6]
wiced_init              0x00038c69     0x8a  Code  Gb  wifi.o [6]
wiced_init_sdpcm        0x0004595d     0xe4  Code  Gb  SDPCM.o [6]
wiced_inited            0x20022c6b      0x1  Data  Lc  wwd_thread.o [6]
wiced_initialised       0x20022c73      0x1  Data  Lc  wifi.o [6]
wiced_ioctl_response    0x20022928      0x4  Data  Lc  SDPCM.o [6]
wiced_ioctl_sleep       0x2002292c      0x4  Data  Lc  SDPCM.o [6]
wiced_ip_broadcast      0x0005f910     0x14  Data  Gb  wiced_network.o [6]
wiced_ip_down           0x0004587d     0x7e  Code  Gb  wiced_network.o [6]
wiced_ip_get_gateway_address
                        0x0003a3d9     0x24  Code  Gb  tcpip.o [6]
wiced_ip_get_ipaddr     0x0003a421     0x56  Code  Gb  tcpip.o [6]
wiced_ip_get_ipv4_address
                        0x0003a79b     0x24  Code  Gb  tcpip.o [6]
wiced_ip_get_netmask    0x0003a3fd     0x24  Code  Gb  tcpip.o [6]
wiced_ip_handle         0x2002279c     0x88  Data  Gb  wiced_network.o [6]
wiced_ip_up             0x00045611    0x26c  Code  Gb  wiced_network.o [6]
wiced_join_events_handler
                        0x0003c2a5    0x12a  Code  Lc  wwd_wifi.o [6]
wiced_join_status       0x20022544      0x4  Data  Gb  wwd_wifi.o [6]
wiced_leave_ap          0x00038cf3     0x1e  Code  Gb  wifi.o [6]
wiced_mac_addr          0x20022534      0x8  Data  Lc  wwd_management.o [6]
wiced_management_init   0x0003efd5     0x1e  Code  Gb  wwd_management.o [6]
wiced_management_set_event_handler
                        0x0004606b      0xa  Code  Gb  SDPCM.o [6]
wiced_management_wifi_off
                        0x0003f1a7     0x52  Code  Gb  wwd_management.o [6]
wiced_management_wifi_on
                        0x0003eff3    0x1b4  Code  Gb  wwd_management.o [6]
wiced_network_init      0x00045565     0x9a  Code  Gb  wiced_network.o [6]
wiced_network_link_renew_handler
                        0x000458fb     0x18  Code  Gb  wiced_network.o [6]
wiced_network_send_ethernet_data
                        0x00045abf     0x8a  Code  Gb  SDPCM.o [6]
wiced_networking_worker_thread
                        0x20019e8c      0x8  Data  Gb  wiced_rtos.o [6]
wiced_packet_create_tcp
                        0x0003a66b     0x6c  Code  Gb  tcpip.o [6]
wiced_packet_create_udp
                        0x0003a6d7     0x12  Code  Gb  tcpip.o [6]
wiced_packet_delete     0x0003a6e9      0xa  Code  Gb  tcpip.o [6]
wiced_packet_get_data   0x0003a725     0x76  Code  Gb  tcpip.o [6]
wiced_packet_set_data_end
                        0x0003a6f3     0x16  Code  Gb  tcpip.o [6]
wiced_ping              0x0003a3b1     0x28  Code  Gb  tcpip.o [6]
wiced_ping_send         0x00047821     0x8c  Code  Gb  wiced_ping.o [6]
wiced_platform_notify_irq
                        0x0004b827     0x1a  Code  Gb  wwd_thread.o [6]
wiced_process_bus_credit_update
                        0x00045b49     0x56  Code  Gb  SDPCM.o [6]
wiced_process_sdpcm     0x00045b9f    0x318  Code  Gb  SDPCM.o [6]
wiced_quit_sdpcm        0x00045a41     0x4e  Code  Gb  SDPCM.o [6]
wiced_read_backplane_value
                        0x0004b4c3     0x2e  Code  Gb  wwd_bus_protocol.o [6]
wiced_read_frame        0x0004b1bd     0x9e  Code  Gb  wwd_bus_protocol.o [6]
wiced_read_register_value
                        0x0004b705     0x50  Code  Lc  wwd_bus_protocol.o [6]
wiced_receive_one_packet
                        0x0004b7df     0x20  Code  Gb  wwd_thread.o [6]
wiced_reset_device_core
                        0x00055fff     0x9e  Code  Gb  wwd_internal.o [6]
wiced_rtos_create_thread
                        0x0003638d     0x4e  Code  Gb  wiced_rtos.o [6]
wiced_rtos_create_worker_thread
                        0x000365f3     0x5a  Code  Gb  wiced_rtos.o [6]
wiced_rtos_deinit_queue
                        0x00036533      0xc  Code  Gb  wiced_rtos.o [6]
wiced_rtos_deinit_timer
                        0x000365b5     0x22  Code  Gb  wiced_rtos.o [6]
wiced_rtos_delay_milliseconds
                        0x0003643d      0xa  Code  Gb  wiced_rtos.o [6]
wiced_rtos_delete_thread
                        0x000363db     0x24  Code  Gb  wiced_rtos.o [6]
wiced_rtos_deregister_timed_event
                        0x00036695     0x24  Code  Gb  wiced_rtos.o [6]
wiced_rtos_get_semaphore
                        0x00036469     0x22  Code  Gb  wiced_rtos.o [6]
wiced_rtos_init         0x0003636b     0x22  Code  Gb  wiced_rtos.o [6]
wiced_rtos_init_queue   0x000364d1     0x1e  Code  Gb  wiced_rtos.o [6]
wiced_rtos_init_semaphore
                        0x00036447     0x22  Code  Gb  wiced_rtos.o [6]
wiced_rtos_init_timer   0x00036555     0x36  Code  Gb  wiced_rtos.o [6]
wiced_rtos_is_current_thread
                        0x00036419     0x18  Code  Gb  wiced_rtos.o [6]
wiced_rtos_pop_from_queue
                        0x00036511     0x22  Code  Gb  wiced_rtos.o [6]
wiced_rtos_push_to_queue
                        0x000364ef     0x22  Code  Gb  wiced_rtos.o [6]
wiced_rtos_register_timed_event
                        0x0003664d     0x48  Code  Gb  wiced_rtos.o [6]
wiced_rtos_send_asynchronous_event
                        0x000366b9     0x14  Code  Gb  wiced_rtos.o [6]
wiced_rtos_set_semaphore
                        0x0003648b     0x46  Code  Gb  wiced_rtos.o [6]
wiced_rtos_start_timer  0x0003658b     0x2a  Code  Gb  wiced_rtos.o [6]
wiced_rtos_thread_force_awake
                        0x00036431      0xc  Code  Gb  wiced_rtos.o [6]
wiced_rtos_thread_join  0x000363ff     0x1a  Code  Gb  wiced_rtos.o [6]
wiced_sdpcm_ioctl_mutex
                        0x20022924      0x4  Data  Lc  SDPCM.o [6]
wiced_sdpcm_send_queue_head
                        0x20022938      0x4  Data  Lc  SDPCM.o [6]
wiced_sdpcm_send_queue_mutex
                        0x20022934      0x4  Data  Lc  SDPCM.o [6]
wiced_sdpcm_send_queue_tail
                        0x2002293c      0x4  Data  Lc  SDPCM.o [6]
wiced_send_ioctl        0x00045ebd    0x1ae  Code  Gb  SDPCM.o [6]
wiced_send_iovar        0x00045a8f     0x30  Code  Gb  SDPCM.o [6]
wiced_send_one_packet   0x0004b7a3     0x3c  Code  Gb  wwd_thread.o [6]
wiced_send_sdpcm_common
                        0x0004630f     0x90  Code  Lc  SDPCM.o [6]
wiced_set_backplane_window
                        0x00055e51     0xa8  Code  Gb  wwd_internal.o [6]
wiced_set_next_buffer_in_queue
                        0x000463a9      0xe  Code  Lc  SDPCM.o [6]
wiced_sta_link_up       0x20022c74      0x1  Data  Lc  wifi.o [6]
wiced_start_dhcp_server
                        0x0005209d     0x56  Code  Gb  dhcp_server.o [6]
wiced_stop_dhcp         0x00045913      0x8  Code  Gb  wiced_network.o [6]
wiced_stop_dhcp_server  0x000520f3     0x2a  Code  Gb  dhcp_server.o [6]
wiced_tcp_bind          0x0003a57f     0x4a  Code  Gb  tcpip.o [6]
wiced_tcp_connect       0x0003a4d5     0xaa  Code  Gb  tcpip.o [6]
wiced_tcp_create_socket
                        0x0003a477     0x5e  Code  Gb  tcpip.o [6]
wiced_tcp_send_packet   0x0003a5c9     0x20  Code  Gb  tcpip.o [6]
wiced_tcp_start_tls     0x00047f97      0x6  Code  Gb  mxchipbesl.o [6]
wiced_thread            0x2001a0ec      0x4  Data  Lc  wwd_thread.o [6]
wiced_thread_func       0x0004b855     0x8a  Code  Lc  wwd_thread.o [6]
wiced_thread_init       0x0004b755     0x4e  Code  Gb  wwd_thread.o [6]
wiced_thread_notify     0x0004b841     0x14  Code  Gb  wwd_thread.o [6]
wiced_thread_quit       0x0004b7ff     0x28  Code  Gb  wwd_thread.o [6]
wiced_thread_quit_flag  0x20022c6a      0x1  Data  Lc  wwd_thread.o [6]
wiced_tls_encrypt_packet
                        0x00047f91      0x6  Code  Gb  mxchipbesl.o [6]
wiced_transceive_semaphore
                        0x2001a0f0      0x4  Data  Lc  wwd_thread.o [6]
wiced_udp_create_socket
                        0x0003a7bf     0x7c  Code  Gb  tcpip.o [6]
wiced_udp_delete_socket
                        0x0003a8f3     0x1e  Code  Gb  tcpip.o [6]
wiced_udp_packet_get_info
                        0x0003a709     0x1c  Code  Gb  tcpip.o [6]
wiced_udp_receive       0x0003a8b7     0x3c  Code  Gb  tcpip.o [6]
wiced_udp_send          0x0003a83b     0x7c  Code  Gb  tcpip.o [6]
wiced_using_dhcp        0x20022c79      0x1  Data  Lc  wiced_network.o [6]
wiced_wifi_add_packet_filter
                        0x0003c955     0x80  Code  Gb  wwd_wifi.o [6]
wiced_wifi_ap_is_up     0x20022c82      0x1  Data  Gb  wwd_ap.o [6]
wiced_wifi_cooee_stop   0x0003cf83     0x38  Code  Lc  easylink2.o [6]
wiced_wifi_disable_monitor_mode
                        0x0003c81d     0x5c  Code  Gb  wwd_wifi.o [6]
wiced_wifi_disable_packet_filter
                        0x0003ca17      0xc  Code  Gb  wwd_wifi.o [6]
wiced_wifi_enable_monitor_mode
                        0x0003c7c1     0x5c  Code  Gb  wwd_wifi.o [6]
wiced_wifi_enable_packet_filter
                        0x0003ca0b      0xc  Code  Gb  wwd_wifi.o [6]
wiced_wifi_enable_powersave_with_throughput
                        0x0003c4c5     0x8e  Code  Gb  wwd_wifi.o [6]
wiced_wifi_get_ap_name  0x0003ca65     0x68  Code  Gb  wwd_wifi.o [6]
wiced_wifi_get_mac_address
                        0x0003c3cf     0x4e  Code  Gb  wwd_wifi.o [6]
wiced_wifi_get_pmk      0x0003c569     0x7a  Code  Gb  wwd_wifi.o [6]
wiced_wifi_get_wifi_version
                        0x0003cb29     0x52  Code  Gb  wwd_wifi.o [6]
wiced_wifi_is_packet_from_ap
                        0x00046a8d      0xe  Code  Gb  wwd_ap.o [6]
wiced_wifi_is_ready_to_transceive
                        0x0003c451     0x70  Code  Gb  wwd_wifi.o [6]
wiced_wifi_join         0x0003bc9d    0x106  Code  Gb  wwd_wifi.o [6]
wiced_wifi_join_specific
                        0x0003bda3    0x136  Code  Gb  wwd_wifi.o [6]
wiced_wifi_leave        0x0003c253     0x50  Code  Gb  wwd_wifi.o [6]
wiced_wifi_prepare_join
                        0x0003bed9    0x37a  Code  Lc  wwd_wifi.o [6]
wiced_wifi_register_multicast_address
                        0x0003c5e3     0xcc  Code  Gb  wwd_wifi.o [6]
wiced_wifi_remove_packet_filter
                        0x0003c9dd     0x2e  Code  Gb  wwd_wifi.o [6]
wiced_wifi_scan         0x0003b85d    0x144  Code  Gb  wwd_wifi.o [6]
wiced_wifi_scan_networks
                        0x00038d11    0x118  Code  Gb  wifi.o [6]
wiced_wifi_set_channel  0x0003c8e3      0xc  Code  Gb  wwd_wifi.o [6]
wiced_wifi_set_down     0x0003c881     0x20  Code  Gb  wwd_wifi.o [6]
wiced_wifi_set_maxassoc
                        0x0003cb7b     0x2c  Code  Gb  wwd_wifi.o [6]
wiced_wifi_set_nmode    0x0003c41d     0x2e  Code  Gb  wwd_wifi.o [6]
wiced_wifi_sleep_flag   0x20022940      0x4  Data  Lc  wwd_ap.o [6]
wiced_wifi_start_ap     0x00046653    0x316  Code  Gb  wwd_ap.o [6]
wiced_wifi_stop_ap      0x0004696d     0xea  Code  Gb  wwd_ap.o [6]
wiced_wifi_toggle_packet_filter
                        0x0003ca23     0x32  Code  Gb  wwd_wifi.o [6]
wiced_wifi_unregister_multicast_address
                        0x0003c6af     0xec  Code  Gb  wwd_wifi.o [6]
wiced_wlan_status       0x20000088      0xc  Data  Gb  wwd_internal.o [6]
wiced_write_backplane_value
                        0x0004b499     0x2a  Code  Gb  wwd_bus_protocol.o [6]
wiced_write_register_value
                        0x0004b459     0x40  Code  Gb  wwd_bus_protocol.o [6]
wiced_write_wifi_firmware_image
                        0x000560b1     0xbe  Code  Gb  wwd_firmware.o [6]
wiced_write_wifi_nvram_image
                        0x0005616f    0x158  Code  Gb  wwd_firmware.o [6]
wifi_firmware_image     0x0000043c  0x31a00  Data  Gb  read_wifi_firmware.o [1]
wifi_nvram_image        0x0005e258    0x30c  Data  Lc  wwd_firmware.o [6]
wifi_power_down         0x00036f77     0x26  Code  Gb  mxchipWNET.o [6]
wifi_power_is_down      0x20019e6c      0x4  Data  Lc  mxchipWNET.o [6]
wifi_reboot_event       0x00035f8d     0x16  Code  Gb  MICONotificationCenter.o [1]
wifi_reboot_only        0x0003a019     0x28  Code  Gb  wifimgr.o [6]
wifi_status_callback    0x00036af1     0x74  Code  Gb  mxchipWNET.o [6]
wifimgr_debug_enabled   0x20019e98      0x4  Data  Gb  wifimgr.o [6]
wifimgr_sem             0x20019ff4      0x4  Data  Lc  wifimgr.o [6]
wifimgr_thread          0x0003a149     0xc2  Code  Lc  wifimgr.o [6]
wlan_disconnect         0x000396f9     0x32  Code  Gb  wifimgr.o [6]
wlan_driver_version     0x00037027      0xa  Code  Gb  mxchipWNET.o [6]
wlan_get_mac_address    0x00039f05      0x8  Code  Gb  wifimgr.o [6]
wlan_init               0x00039fff     0x1a  Code  Gb  wifimgr.o [6]
wlu_is_wpa_ie           0x0003caf3     0x36  Code  Lc  wwd_wifi.o [6]
wlu_parse_tlvs          0x0003cacd     0x26  Code  Lc  wwd_wifi.o [6]
worker_thread_main      0x000365d7     0x1c  Code  Lc  wiced_rtos.o [6]
workspace               0x2001b074      0x4  Data  Lc  easylink2.o [6]
wps_running             0x20022c6e      0x1  Data  Lc  wps_host.o [6]
write                   0x00036e93      0xa  Code  Gb  mxchipWNET.o [6]
write_dmaLoop           0x20016c88     0x2c  Data  Lc  k64_spi.o [1]
wwd_management_set_event_handler
                        0x00046075    0x17a  Code  Gb  SDPCM.o [6]
wwd_wifi_get_channel    0x0003c8a5     0x3e  Code  Gb  wwd_wifi.o [6]
wwd_wifi_set_channel    0x0003c8ef     0x62  Code  Gb  wwd_wifi.o [6]
xActiveTimerList1       0x2002254c     0x14  Data  Lc  ostimers.o [6]
xActiveTimerList2       0x20022560     0x14  Data  Lc  ostimers.o [6]
xDelayedTaskList1       0x20022650     0x14  Data  Lc  tasks.o [6]
xDelayedTaskList2       0x20022664     0x14  Data  Lc  tasks.o [6]
xMissedYield            0x200226dc      0x4  Data  Lc  tasks.o [6]
xNextTaskUnblockTime    0x20000080      0x4  Data  Lc  tasks.o [6]
xNumOfOverflows         0x200226e0      0x4  Data  Lc  tasks.o [6]
xPendingReadyList       0x20022680     0x14  Data  Lc  tasks.o [6]
xPortPendSVHandler      0x00035637           Code  Gb  portasm.o [6]
xPortStartScheduler     0x00035147     0x3c  Code  Gb  port.o [6]
xPortSysTickHandler     0x000351b9     0x1a  Code  Gb  port.o [6]
xQueueCreateCountingSemaphore
                        0x00035a31     0x14  Code  Gb  queue.o [6]
xQueueCreateMutex       0x000359db     0x56  Code  Gb  queue.o [6]
xQueueGenericCreate     0x00035969     0x72  Code  Gb  queue.o [6]
xQueueGenericReceive    0x00035b71    0x14c  Code  Gb  queue.o [6]
xQueueGenericSend       0x00035a45     0xd0  Code  Gb  queue.o [6]
xQueueGenericSendFromISR
                        0x00035b15     0x5c  Code  Gb  queue.o [6]
xSchedulerRunning       0x200226d0      0x4  Data  Lc  tasks.o [6]
xSuspendedTaskList      0x200226ac     0x14  Data  Lc  tasks.o [6]
xTaskCheckForTimeOut    0x00034d6b     0x60  Code  Gb  tasks.o [6]
xTaskGenericCreate      0x000346fd    0x124  Code  Gb  tasks.o [6]
xTaskGetCurrentTaskHandle
                        0x00035003      0x6  Code  Gb  tasks.o [6]
xTaskGetCurrentThread   0x0003493b      0x8  Code  Gb  tasks.o [6]
xTaskGetSchedulerState  0x00035009     0x1c  Code  Gb  tasks.o [6]
xTaskGetTickCount       0x00034ab9     0x14  Code  Gb  tasks.o [6]
xTaskGetTickCountFromISR
                        0x00034acd     0x16  Code  Gb  tasks.o [6]
xTaskIsTaskFinished     0x000348cb     0x70  Code  Gb  tasks.o [6]
xTaskRemoveFromEventList
                        0x00034cf9     0x60  Code  Gb  tasks.o [6]
xTaskResumeAll          0x000349e7     0xd2  Code  Gb  tasks.o [6]
xTasksWaitingTermination
                        0x20022694     0x14  Data  Lc  tasks.o [6]
xTickCount              0x200226c4      0x4  Data  Lc  tasks.o [6]
xTimerCreate            0x000352e9     0x4c  Code  Gb  ostimers.o [6]
xTimerCreateTimerTask   0x000352ad     0x3c  Code  Gb  ostimers.o [6]
xTimerGenericCommand    0x00035335     0x52  Code  Gb  ostimers.o [6]
xTimerQueue             0x2002257c      0x4  Data  Lc  ostimers.o [6]


[1] = C:\Users\Jiaqi\Desktop\MICO-master\Build\FRDM_K64F_SPP\Obj
[2] = command line
[3] = dl7M_tlf.a
[4] = ksdk_freertos_lib.a
[5] = m7M_tlv.a
[6] = mxchipWNet_cm4f_spi.a
[7] = rt7M_tl.a
[8] = shb_l.a

  387 728 bytes of readonly  code memory
    5 182 bytes of readonly  data memory
  142 726 bytes of readwrite data memory

Errors: none
Warnings: none
